// Jest Snapshot v1, https://goo.gl/fbAQLP

exports[`ApplicationView renders normally with minimum props 1`] = `
<div
  class="pageContent applicationView"
>
  <h2
    class="text standard h2 xl normalWeight pageTitle"
  >
    HAKEMUS
  </h2>
  <div
    class="fullWidth pageHeader"
  >
    <h2
      class="text standard h2 xl normalWeight"
    >
      Uusi hakemus 04.08.2020
    </h2>
    <span
      class="chip yellow chip"
    >
      Odottaa käsittelyä
    </span>
  </div>
  <div>
    LinkApplicationToCustomerContainer
  </div>
  <div
    class="card fullWidth"
  >
    <div
      class="cardHeader"
    >
      <span
        class="title"
      >
        HAKEMUS
      </span>
    </div>
    <div
      class="cardBody"
    >
      <div
        class="grid cols3"
      >
        <div>
          <article
            class="section"
          >
            <h4
              class="text standard h4 m title"
            >
              HAKEMUS
            </h4>
            <section
              class="body"
            >
              <div
                class="labelValuePair"
              >
                <span
                  class="label standard"
                >
                  Hakemustyyppi:
                </span>
                <span
                  class="value left"
                >
                  Uusi hakemus
                </span>
              </div>
              <div
                class="labelValuePair"
              >
                <span
                  class="label standard"
                >
                  Vastaanotettu:
                </span>
                <span
                  class="value left"
                >
                  04.08.2020 klo 00.00
                </span>
              </div>
              <div
                class="labelValuePair"
              >
                <span
                  class="label standard"
                >
                  Jononumero:
                </span>
                <span
                  class="value left"
                >
                  -
                </span>
              </div>
              <div
                class="labelValuePair"
              >
                <span
                  class="label standard"
                >
                  Status:
                </span>
                <span
                  class="value left"
                >
                  Odottaa käsittelyä
                </span>
              </div>
            </section>
          </article>
        </div>
        <div>
          <article
            class="section"
          >
            <h4
              class="text standard h4 m title"
            >
              VENEEN TIEDOT
            </h4>
            <section
              class="body"
            >
              <div
                class="labelValuePair"
              >
                <span
                  class="label standard"
                >
                  Veneen tyyppi:
                </span>
                <span
                  class="value left"
                >
                  -
                </span>
              </div>
              <div
                class="labelValuePair"
              >
                <span
                  class="label standard"
                >
                  Rekisterinumero:
                </span>
                <span
                  class="value left"
                >
                  A 12345
                </span>
              </div>
            </section>
          </article>
          <article
            class="section"
          >
            <section
              class="body"
            >
              <div
                class="labelValuePair"
              >
                <span
                  class="label standard"
                >
                  Veneen leveys:
                </span>
                <span
                  class="value left"
                >
                  5,0 m
                </span>
              </div>
              <div
                class="labelValuePair"
              >
                <span
                  class="label standard"
                >
                  Veneen pituus:
                </span>
                <span
                  class="value left"
                >
                  5,0 m
                </span>
              </div>
              <div
                class="labelValuePair"
              >
                <span
                  class="label standard"
                >
                  Veneen syväys:
                </span>
                <span
                  class="value left"
                >
                  -
                </span>
              </div>
              <div
                class="labelValuePair"
              >
                <span
                  class="label standard"
                >
                  Veneen paino:
                </span>
                <span
                  class="value left"
                >
                  -
                </span>
              </div>
            </section>
          </article>
          <article
            class="section"
          >
            <section
              class="body"
            >
              <div
                class="labelValuePair"
              >
                <span
                  class="label standard"
                >
                  Nimi:
                </span>
                <span
                  class="value left"
                >
                  Cama la Yano
                </span>
              </div>
              <div
                class="labelValuePair"
              >
                <span
                  class="label standard"
                >
                  Merkki:
                </span>
                <span
                  class="value left"
                >
                  Marine
                </span>
              </div>
            </section>
          </article>
        </div>
        <div>
          <article
            class="section"
          >
            <section
              class="body"
            >
              <div
                class="Checkbox-module_checkbox__3L0GR checkbox_hds-checkbox__9HMCz accessibleCheckbox checkbox"
              >
                <input
                  aria-checked="false"
                  class="Checkbox-module_input__3VZvy checkbox_hds-checkbox__input__1w0pu"
                  id="accessible"
                  readonly=""
                  type="checkbox"
                  value=""
                />
                <label
                  class="Checkbox-module_label__L5AN1 checkbox_hds-checkbox__label__3HoD3"
                  for="accessible"
                >
                  Tarvitsen esteettömän paikan
                </label>
              </div>
            </section>
          </article>
        </div>
      </div>
    </div>
     
  </div>
</div>
`;
