// Jest Snapshot v1, https://goo.gl/fbAQLP

exports[`GlobalSearchTableTools renders normally 1`] = `"<div class=\\"globalSearchTableTools\\"><div class=\\"_1cealf9APZDUwwgivaltwb filterField\\"><div class=\\"_1ru3hdCZ3qhTQ_EVvRwBIh\\"><input type=\\"text\\" class=\\"_35GDyiOFLPVMWYFM4_BMWV CQwbnf7hlQrao8Za4G1Wo\\" id=\\"textSearchGlobalFilter\\" placeholder=\\"Haku\\"/></div></div></div>"`;
