// Jest Snapshot v1, https://goo.gl/fbAQLP

exports[`Expandible renders normally 1`] = `"<div class=\\"expandible\\"><div class=\\"headerBtn label\\"><button type=\\"button\\" class=\\"button secondary standard text\\">Click me</button></div><div class=\\"headerBtn arrow\\"><button type=\\"button\\" class=\\"button secondary standard text\\"><div class=\\"icon standard standard\\"><svg class=\\"shape\\">angle-left.svg</svg></div></button></div></div><div class=\\"children\\"><div>one</div><div>two</div></div>"`;
