// Jest Snapshot v1, https://goo.gl/fbAQLP

exports[`Expandable renders normally 1`] = `"<div class=\\"expandable\\"><div class=\\"headerBtn label\\" role=\\"button\\">Click me</div><div class=\\"headerBtn arrow\\"><button type=\\"button\\" class=\\"_3wgeeaHxiHujNcKzeML5j4 _3aSBFzRPhZcNdul13_gERo _399Vd_uWgH-92CTowU70kQ\\"><span class=\\"_2zMLCVF6mmvV2UqfaBF5K\\"><svg xmlns=\\"http://www.w3.org/2000/svg\\" width=\\"100%\\" height=\\"100%\\" viewBox=\\"0 0 199.404 199.404\\" class=\\"\\"><g><polygon points=\\"199.404,63.993 171.12,35.709 99.702,107.127 28.284,35.709 0,63.993 99.702,163.695  \\"></polygon></g></svg></span></button></div></div><div class=\\"children\\"><div>one</div><div>two</div></div>"`;
