// Jest Snapshot v1, https://goo.gl/fbAQLP

exports[`Expandable renders normally 1`] = `"<div class=\\"expandable\\"><div class=\\"headerBtn label\\" role=\\"button\\">Click me</div><div class=\\"headerBtn arrow\\"><button type=\\"button\\" class=\\"Button-module_button__3wgee button_hds-button__2A0je Button-module_primary__3bo_T button_hds-button--primary__2NVvO\\" color=\\"secondary\\"><span class=\\"Button-module_label__2zMLC button_hds-button__label__2EQa-\\"><svg xmlns=\\"http://www.w3.org/2000/svg\\" width=\\"100%\\" height=\\"100%\\" viewBox=\\"0 0 199.404 199.404\\" class=\\"\\"><g><polygon points=\\"199.404,63.993 171.12,35.709 99.702,107.127 28.284,35.709 0,63.993 99.702,163.695  \\"></polygon></g></svg></span></button></div></div><div class=\\"children\\"><div>one</div><div>two</div></div>"`;
