// Jest Snapshot v1, https://goo.gl/fbAQLP

exports[`utils getBerthApplicationData should return berth application data 1`] = `
Array [
  Object {
    "accessibilityRequired": false,
    "berthSwitch": Object {
      "berthNum": "1",
      "harborId": "MOCK-HARBOR-0",
      "harborName": "Testisatama",
      "pierIdentifier": "A",
      "reason": "Reason",
    },
    "boatDraught": 5,
    "boatLength": 6,
    "boatModel": "Marine",
    "boatName": "Cama la Yano",
    "boatRegistrationNumber": "A 12345",
    "boatType": "Purjevene",
    "boatWeight": 5,
    "boatWidth": 0,
    "choices": Array [
      Object {
        "harbor": "1",
        "harborName": "1",
        "priority": 0,
      },
    ],
    "createdAt": "2020-07-16",
    "customerId": "MOCK-PROFILE",
    "id": "MOCK-APPLICATION-0",
    "isSwitch": true,
    "lease": Object {
      "berthNum": "7",
      "harborId": "MOCK-HARBOR-0",
      "harborName": "Testisatama",
      "id": "MOCK-LEASE-0",
      "pierIdentifier": "G",
    },
    "municipality": "Helsinki",
    "queue": null,
    "status": "PENDING",
  },
  Object {
    "accessibilityRequired": false,
    "berthSwitch": Object {
      "berthNum": "2",
      "harborId": "MOCK-HARBOR-0",
      "harborName": "Testisatama",
      "pierIdentifier": "A",
      "reason": null,
    },
    "boatDraught": 5,
    "boatLength": 6,
    "boatModel": "Marine",
    "boatName": "Cama la Yano II",
    "boatRegistrationNumber": "B 12345",
    "boatType": "Purjevene",
    "boatWeight": 5,
    "boatWidth": 0,
    "choices": Array [],
    "createdAt": "2020-07-16",
    "customerId": "MOCK-PROFILE",
    "id": "MOCK-APPLICATION-0",
    "isSwitch": true,
    "lease": Object {
      "berthNum": "7",
      "harborId": "MOCK-HARBOR-1",
      "harborName": "",
      "id": "MOCK-LEASE-1",
      "pierIdentifier": "Pier Brosnan",
    },
    "municipality": "Helsinki",
    "queue": null,
    "status": "PENDING",
  },
  Object {
    "accessibilityRequired": false,
    "berthSwitch": null,
    "boatDraught": 5,
    "boatLength": 6,
    "boatModel": "Marine",
    "boatName": "Cama la Yano 3-D",
    "boatRegistrationNumber": "C 12345",
    "boatType": "Purjevene",
    "boatWeight": 5,
    "boatWidth": 0,
    "choices": Array [
      Object {
        "harbor": "MOCK-HARBOR-0",
        "harborName": "Testisatama",
        "priority": 0,
      },
    ],
    "createdAt": "2020-07-16",
    "customerId": "MOCK-PROFILE-0",
    "id": "MOCK-APPLICATION-2",
    "isSwitch": false,
    "lease": null,
    "municipality": "Helsinki",
    "queue": null,
    "status": "PENDING",
  },
]
`;
