// Jest Snapshot v1, https://goo.gl/fbAQLP

exports[`Select renders normally 1`] = `
<div
  class="Dropdown-module_root__2LI4- select"
>
  <label
    class="FieldLabel-module_label__2tl-4 text-input_hds-text-input__label__pDw_W "
    for="hds-toggle-button"
    id="hds-label"
  >
    Selector
  </label>
  <div
    class="Dropdown-module_wrapper__1oIw5"
  >
    <button
      aria-expanded="false"
      aria-haspopup="listbox"
      aria-labelledby="hds-label hds-toggle-button"
      class="Dropdown-module_buttonDropdown__IwbnQ Dropdown-module_dropdown__22ZdF Dropdown-module_placeholder__2nbDo"
      id="hds-toggle-button"
      type="button"
    >
      <span
        class="Dropdown-module_buttonLabel__2jVRU"
      />
      <svg
        class="Icon-module_icon__1Jtzj icon_hds-icon__1YqNC Icon-module_s__2WGWe icon_hds-icon--size-s__2Lkik Dropdown-module_angleIcon__1Y1mT"
        viewBox="0 0 24 24"
        xmlns="http://www.w3.org/2000/svg"
      >
        <g
          fill="none"
          fill-rule="evenodd"
        >
          <path
            d="M0 0h24v24H0z"
          />
          <path
            d="M12 13.5l5-5 1.5 1.5-6.5 6.5L5.5 10 7 8.5z"
            fill="currentColor"
          />
        </g>
      </svg>
    </button>
  </div>
  <ul
    aria-labelledby="hds-label"
    class="Dropdown-module_menu__3rei6"
    id="hds-menu"
    role="listbox"
    style="max-height:calc(var(--dropdown-height) * 5)"
    tabindex="-1"
  />
</div>
`;
