// Jest Snapshot v1, https://goo.gl/fbAQLP

exports[`Expandable renders normally 1`] = `
Array [
  <div
    class="expandable"
  >
    <div
      class="headerBtn label"
      role="button"
    >
      Click me
    </div>
    <div
      class="headerBtn arrow"
    >
      <button
        class="Button-module_button__3wgee button_hds-button__2A0je Button-module_primary__3bo_T button_hds-button--primary__2NVvO"
        color="secondary"
        type="button"
      >
        <span
          class="Button-module_label__2zMLC button_hds-button__label__2EQa-"
        >
          <svg
            class="Icon-module_icon__1Jtzj icon_hds-icon__1YqNC Icon-module_s__2WGWe icon_hds-icon--size-s__2Lkik"
            viewBox="0 0 24 24"
            xmlns="http://www.w3.org/2000/svg"
          >
            <g
              fill="none"
              fill-rule="evenodd"
            >
              <path
                d="M0 0h24v24H0z"
              />
              <path
                d="M12 13.5l5-5 1.5 1.5-6.5 6.5L5.5 10 7 8.5z"
                fill="currentColor"
              />
            </g>
          </svg>
        </span>
      </button>
    </div>
  </div>,
  <div
    class="children"
  >
    <div>
      one
    </div>
    <div>
      two
    </div>
  </div>,
]
`;
