// Jest Snapshot v1, https://goo.gl/fbAQLP

exports[`format formatDate should fallback to the Finnish locale when the second argument is an unknown string 1`] = `"28.11.2018 klo 12.26.28"`;

exports[`format formatDate should format the date according to the supplied locale 1`] = `"11/28/2018, 12:26:28 PM"`;
