// Jest Snapshot v1, https://goo.gl/fbAQLP

exports[`utils getBoats should return an array of boat objects 1`] = `
Array [
  Object {
    "__typename": "BoatNode",
    "boatType": Object {
      "__typename": "BoatTypeType",
      "id": "6",
      "name": "Purjevene / moottoripursi",
    },
    "certificates": Array [],
    "draught": null,
    "hullMaterial": "",
    "id": "fb2a761f-ccc2-421a-9e32-0957b2510be9",
    "intendedUse": "",
    "length": 7,
    "model": "",
    "name": "Boaty McBerth",
    "propulsion": "",
    "registrationNumber": "VEN-101",
    "weight": null,
    "width": 2.5,
  },
  Object {
    "__typename": "BoatNode",
    "boatType": Object {
      "__typename": "BoatTypeType",
      "id": "2",
      "name": "Soutuvene",
    },
    "certificates": Array [],
    "draught": null,
    "hullMaterial": "",
    "id": "2250193b-aecd-4402-bb12-56a2142ae644",
    "intendedUse": "",
    "length": 3,
    "model": "",
    "name": "RowRowRowYourBoat",
    "propulsion": "",
    "registrationNumber": "",
    "weight": null,
    "width": 1,
  },
]
`;

exports[`utils getLeases should return an array of lease objects 1`] = `
Array [
  Object {
    "berthNum": "30",
    "endDate": "2019-09-14",
    "harbor": Object {
      "id": "78e5a1bc-5fde-470e-8236-298427877d0f",
      "name": "Puotilan venesatama",
    },
    "id": "e4876a7d-86fc-4c13-90fa-2b2e4e935431",
    "pierIdentifier": "A",
    "startDate": "2019-05-06",
  },
]
`;
