// Jest Snapshot v1, https://goo.gl/fbAQLP

exports[`utils getBerths should return an array of Berth objects 1`] = `
Array [
  Object {
    "comment": undefined,
    "identifier": "10",
    "leases": Array [],
    "length": 600,
    "mooringType": "SINGLE_SLIP_PLACE",
    "number": "01",
    "width": 250,
  },
  Object {
    "comment": undefined,
    "identifier": "10",
    "leases": Array [],
    "length": 800,
    "mooringType": "SIDE_SLIP_PLACE",
    "number": "02",
    "width": 350,
  },
  Object {
    "comment": undefined,
    "identifier": "10",
    "leases": Array [],
    "length": 600,
    "mooringType": "SINGLE_SLIP_PLACE",
    "number": "03",
    "width": 250,
  },
  Object {
    "comment": undefined,
    "identifier": "10",
    "leases": Array [],
    "length": 800,
    "mooringType": "SIDE_SLIP_PLACE",
    "number": "04",
    "width": 350,
  },
  Object {
    "comment": undefined,
    "identifier": "19 b",
    "leases": Array [],
    "length": 900,
    "mooringType": "STERN_BUOY_PLACE",
    "number": "01",
    "width": 250,
  },
  Object {
    "comment": undefined,
    "identifier": "19 b",
    "leases": Array [],
    "length": 900,
    "mooringType": "STERN_BUOY_PLACE",
    "number": "02",
    "width": 300,
  },
  Object {
    "comment": undefined,
    "identifier": "19 b",
    "leases": Array [],
    "length": 900,
    "mooringType": "STERN_BUOY_PLACE",
    "number": "03",
    "width": 300,
  },
  Object {
    "comment": undefined,
    "identifier": "19 b",
    "leases": Array [],
    "length": 900,
    "mooringType": "STERN_BUOY_PLACE",
    "number": "04",
    "width": 300,
  },
  Object {
    "comment": undefined,
    "identifier": "19 b",
    "leases": Array [],
    "length": 900,
    "mooringType": "STERN_BUOY_PLACE",
    "number": "05",
    "width": 300,
  },
  Object {
    "comment": undefined,
    "identifier": "19 b",
    "leases": Array [],
    "length": 900,
    "mooringType": "STERN_BUOY_PLACE",
    "number": "06",
    "width": 300,
  },
  Object {
    "comment": undefined,
    "identifier": "19 b",
    "leases": Array [],
    "length": 900,
    "mooringType": "STERN_BUOY_PLACE",
    "number": "07",
    "width": 300,
  },
  Object {
    "comment": undefined,
    "identifier": "19 b",
    "leases": Array [],
    "length": 900,
    "mooringType": "STERN_BUOY_PLACE",
    "number": "08",
    "width": 300,
  },
  Object {
    "comment": undefined,
    "identifier": "19 b",
    "leases": Array [],
    "length": 900,
    "mooringType": "STERN_BUOY_PLACE",
    "number": "09",
    "width": 300,
  },
  Object {
    "comment": undefined,
    "identifier": "19 b",
    "leases": Array [],
    "length": 900,
    "mooringType": "STERN_BUOY_PLACE",
    "number": "10",
    "width": 300,
  },
  Object {
    "comment": undefined,
    "identifier": "19 b",
    "leases": Array [],
    "length": 900,
    "mooringType": "STERN_BUOY_PLACE",
    "number": "11",
    "width": 300,
  },
  Object {
    "comment": undefined,
    "identifier": "19 b",
    "leases": Array [],
    "length": 900,
    "mooringType": "STERN_BUOY_PLACE",
    "number": "12",
    "width": 300,
  },
  Object {
    "comment": undefined,
    "identifier": "19 b",
    "leases": Array [],
    "length": 900,
    "mooringType": "STERN_BUOY_PLACE",
    "number": "13",
    "width": 300,
  },
  Object {
    "comment": undefined,
    "identifier": "19 b",
    "leases": Array [],
    "length": 900,
    "mooringType": "STERN_BUOY_PLACE",
    "number": "14",
    "width": 300,
  },
  Object {
    "comment": undefined,
    "identifier": "19 b",
    "leases": Array [],
    "length": 900,
    "mooringType": "STERN_BUOY_PLACE",
    "number": "15",
    "width": 300,
  },
  Object {
    "comment": undefined,
    "identifier": "19 b",
    "leases": Array [],
    "length": 900,
    "mooringType": "STERN_BUOY_PLACE",
    "number": "16",
    "width": 300,
  },
]
`;
