// Jest Snapshot v1, https://goo.gl/fbAQLP

exports[`utils getBerths should return an array of Berth objects 1`] = `
Array [
  Object {
    "comment": undefined,
    "depth": undefined,
    "id": "QmVydGhOb2RlOjk5MDUyMmVkLTI4NTItNGI2Ni1hZGI2LTIzZjE1MDJkNjhhOQ==",
    "identifier": "-",
    "leases": Array [],
    "length": 5,
    "mooringType": "SINGLE_SLIP_PLACE",
    "number": 2,
    "width": 2.25,
  },
  Object {
    "comment": undefined,
    "depth": undefined,
    "id": "QmVydGhOb2RlOjA2ZjkzNzlkLTVmMDEtNDM0MS04NTllLWM1MjFkYzFmMDU0OQ==",
    "identifier": "-",
    "leases": Array [],
    "length": 5,
    "mooringType": "SINGLE_SLIP_PLACE",
    "number": 3,
    "width": 2.5,
  },
  Object {
    "comment": undefined,
    "depth": undefined,
    "id": "QmVydGhOb2RlOmU3MzFjNmE4LTlhZTctNDQ4Ni1hNTAxLWUyMzhkMTE0ZmU4Yg==",
    "identifier": "-",
    "leases": Array [],
    "length": 5,
    "mooringType": "SINGLE_SLIP_PLACE",
    "number": 4,
    "width": 2.5,
  },
  Object {
    "comment": undefined,
    "depth": undefined,
    "id": "QmVydGhOb2RlOjA2YTRkMDExLTg0NzUtNDc4NS05NWZmLTdmODAzZmE1NjlhMw==",
    "identifier": "-",
    "leases": Array [],
    "length": 5,
    "mooringType": "SINGLE_SLIP_PLACE",
    "number": 5,
    "width": 2.5,
  },
  Object {
    "comment": undefined,
    "depth": undefined,
    "id": "QmVydGhOb2RlOmE3NzM1MTI4LWVmMWMtNDI3YS1hMDBkLWZjMGE3ZTIyZjg1Zg==",
    "identifier": "-",
    "leases": Array [],
    "length": 5,
    "mooringType": "SINGLE_SLIP_PLACE",
    "number": 6,
    "width": 2.5,
  },
  Object {
    "comment": undefined,
    "depth": undefined,
    "id": "QmVydGhOb2RlOmJjMmJiNmVjLWMwYTgtNDgxMy05ZGU0LWJkOWQzNTQ1YjVlYQ==",
    "identifier": "-",
    "leases": Array [],
    "length": 5,
    "mooringType": "SINGLE_SLIP_PLACE",
    "number": 7,
    "width": 2.5,
  },
  Object {
    "comment": undefined,
    "depth": undefined,
    "id": "QmVydGhOb2RlOjBlZTcxYjBkLTU1NDgtNDZjNC1iZjY5LTE0YWI5ZDhkZGJjNQ==",
    "identifier": "-",
    "leases": Array [],
    "length": 5,
    "mooringType": "SINGLE_SLIP_PLACE",
    "number": 8,
    "width": 2.5,
  },
  Object {
    "comment": undefined,
    "depth": undefined,
    "id": "QmVydGhOb2RlOjdkN2YwYjdmLTVhNmQtNDlhNi05Y2JiLTY1ZjhmOTlmODVjNQ==",
    "identifier": "-",
    "leases": Array [],
    "length": 5,
    "mooringType": "SINGLE_SLIP_PLACE",
    "number": 9,
    "width": 2.5,
  },
  Object {
    "comment": undefined,
    "depth": undefined,
    "id": "QmVydGhOb2RlOjU4NGJhMGE2LTc2MmUtNGYwYS04NWU4LTdhMzM5OWFkYjIwZQ==",
    "identifier": "-",
    "leases": Array [],
    "length": 5,
    "mooringType": "SINGLE_SLIP_PLACE",
    "number": 10,
    "width": 2.5,
  },
  Object {
    "comment": undefined,
    "depth": undefined,
    "id": "QmVydGhOb2RlOjc2Njg2NGE1LWVhZmYtNGM4NC05NzU0LWUxNjk3MGQwNmQwNg==",
    "identifier": "-",
    "leases": Array [],
    "length": 5,
    "mooringType": "SINGLE_SLIP_PLACE",
    "number": 11,
    "width": 2.5,
  },
  Object {
    "comment": undefined,
    "depth": undefined,
    "id": "QmVydGhOb2RlOjMwMjhjMTQ5LTI2NDYtNGQyYi1iYTA1LTExMWI2MTAxNzJkOQ==",
    "identifier": "-",
    "leases": Array [],
    "length": 5,
    "mooringType": "SINGLE_SLIP_PLACE",
    "number": 12,
    "width": 2.5,
  },
  Object {
    "comment": undefined,
    "depth": undefined,
    "id": "QmVydGhOb2RlOjViYWViNmE3LTk3YTItNDI2MS1iNmJiLWNjYmZhNDg4NGE1ZA==",
    "identifier": "-",
    "leases": Array [],
    "length": 5,
    "mooringType": "SINGLE_SLIP_PLACE",
    "number": 13,
    "width": 2.5,
  },
  Object {
    "comment": undefined,
    "depth": undefined,
    "id": "QmVydGhOb2RlOjkzYTk0ZWVmLTA3NzgtNDg3MC04MjkxLTI5OTE2MTU3MjEzYQ==",
    "identifier": "-",
    "leases": Array [],
    "length": 5,
    "mooringType": "SINGLE_SLIP_PLACE",
    "number": 14,
    "width": 2.5,
  },
  Object {
    "comment": undefined,
    "depth": undefined,
    "id": "QmVydGhOb2RlOjIyMTI5YmIxLWVmYmEtNDFhMS1hOGY2LTkwMzM1ZjVlNjI0OA==",
    "identifier": "-",
    "leases": Array [],
    "length": 5,
    "mooringType": "SINGLE_SLIP_PLACE",
    "number": 15,
    "width": 2.5,
  },
  Object {
    "comment": undefined,
    "depth": undefined,
    "id": "QmVydGhOb2RlOjQyODlkNzk0LTEwYzgtNDAwOC1iYmE3LWQ5ZGFlMDg2YzBhNQ==",
    "identifier": "-",
    "leases": Array [],
    "length": 5,
    "mooringType": "SINGLE_SLIP_PLACE",
    "number": 16,
    "width": 2.5,
  },
  Object {
    "comment": undefined,
    "depth": undefined,
    "id": "QmVydGhOb2RlOmJiODQ3MjliLTQ4MzYtNGNkYi1hYWY3LTVkYjFkZmFjOWY5MQ==",
    "identifier": "-",
    "leases": Array [],
    "length": 11,
    "mooringType": "STERN_BUOY_PLACE",
    "number": 17,
    "width": 3,
  },
  Object {
    "comment": undefined,
    "depth": undefined,
    "id": "QmVydGhOb2RlOmM4M2ZmMjc1LWFkNjYtNDcyZS05NzI1LThjNzBmNjMwNWE4NQ==",
    "identifier": "-",
    "leases": Array [],
    "length": 13,
    "mooringType": "STERN_BUOY_PLACE",
    "number": 18,
    "width": 3,
  },
  Object {
    "comment": undefined,
    "depth": undefined,
    "id": "QmVydGhOb2RlOmYwMjRkY2I2LTU0ZWYtNDk3ZS1iZDY5LTBmZmRlYzA5ZjA1YQ==",
    "identifier": "-",
    "leases": Array [],
    "length": 11,
    "mooringType": "STERN_BUOY_PLACE",
    "number": 19,
    "width": 3,
  },
  Object {
    "comment": undefined,
    "depth": undefined,
    "id": "QmVydGhOb2RlOmU1YjA2YTczLTBlNTEtNDQ1ZC05M2RmLTFjMTkyMGUyMWEwOA==",
    "identifier": "-",
    "leases": Array [],
    "length": 13,
    "mooringType": "STERN_BUOY_PLACE",
    "number": 20,
    "width": 3,
  },
  Object {
    "comment": undefined,
    "depth": undefined,
    "id": "QmVydGhOb2RlOjUxMDA4NDFjLTYwMTctNDIzYi1hOTM1LTY5NmE5MDc4N2UxZg==",
    "identifier": "-",
    "leases": Array [],
    "length": 11,
    "mooringType": "STERN_BUOY_PLACE",
    "number": 21,
    "width": 3,
  },
  Object {
    "comment": undefined,
    "depth": undefined,
    "id": "QmVydGhOb2RlOjAzOWJlYmU1LWExM2YtNDk2MS1iMmQ0LWE3OTM2NjdjMzJjOQ==",
    "identifier": "-",
    "leases": Array [],
    "length": 13,
    "mooringType": "STERN_BUOY_PLACE",
    "number": 22,
    "width": 3,
  },
  Object {
    "comment": undefined,
    "depth": undefined,
    "id": "QmVydGhOb2RlOmU5OTM5YzU5LWRiMjAtNDc5Yy1hZjU2LTk1MTUyNjcxNzFhYw==",
    "identifier": "-",
    "leases": Array [],
    "length": 11,
    "mooringType": "STERN_BUOY_PLACE",
    "number": 23,
    "width": 3,
  },
  Object {
    "comment": undefined,
    "depth": undefined,
    "id": "QmVydGhOb2RlOjBiYzMzN2ZiLWY2N2UtNDdjMi1hZGJkLWJiOTFjMzY2NWU4Yw==",
    "identifier": "-",
    "leases": Array [],
    "length": 13,
    "mooringType": "STERN_BUOY_PLACE",
    "number": 24,
    "width": 3,
  },
  Object {
    "comment": undefined,
    "depth": undefined,
    "id": "QmVydGhOb2RlOjZiZWE4YmExLTg3ZDYtNDQzMC04ZWMxLWRjMjQwMjAwOTc0Mw==",
    "identifier": "-",
    "leases": Array [],
    "length": 11,
    "mooringType": "STERN_BUOY_PLACE",
    "number": 25,
    "width": 3,
  },
  Object {
    "comment": undefined,
    "depth": undefined,
    "id": "QmVydGhOb2RlOjJhZjE5NDg4LWU3NDEtNDExYi1hYmE1LWVmZTJlN2VlNGQ5ZQ==",
    "identifier": "-",
    "leases": Array [],
    "length": 13,
    "mooringType": "STERN_BUOY_PLACE",
    "number": 26,
    "width": 3,
  },
  Object {
    "comment": undefined,
    "depth": undefined,
    "id": "QmVydGhOb2RlOjhmYTExYzBjLWUxMGEtNDA4Mi1hYWRhLWFlYzI2YWYzZjcxMQ==",
    "identifier": "-",
    "leases": Array [],
    "length": 11,
    "mooringType": "STERN_BUOY_PLACE",
    "number": 27,
    "width": 3,
  },
  Object {
    "comment": undefined,
    "depth": undefined,
    "id": "QmVydGhOb2RlOjljZTRlZTcxLTQ0YTMtNDQ0NC1iYmZjLTE3YWQwODVmNzczNA==",
    "identifier": "-",
    "leases": Array [],
    "length": 13,
    "mooringType": "STERN_BUOY_PLACE",
    "number": 28,
    "width": 3,
  },
  Object {
    "comment": undefined,
    "depth": undefined,
    "id": "QmVydGhOb2RlOjdkYjgyZDVkLWY3Y2ItNGM2ZC05Y2QyLWY0NDQ1ZDA1MzcxYw==",
    "identifier": "-",
    "leases": Array [],
    "length": 11,
    "mooringType": "STERN_BUOY_PLACE",
    "number": 29,
    "width": 3,
  },
  Object {
    "comment": undefined,
    "depth": undefined,
    "id": "QmVydGhOb2RlOjlkNjE0M2E1LTYwMGQtNDk0OS1hMmZmLWQ5OTZkZTAwMTQ3OA==",
    "identifier": "-",
    "leases": Array [],
    "length": 13,
    "mooringType": "STERN_BUOY_PLACE",
    "number": 30,
    "width": 3,
  },
  Object {
    "comment": undefined,
    "depth": undefined,
    "id": "QmVydGhOb2RlOmNjNGRiNjY4LWY5NmEtNDE3OS04ZjQxLTNmNWFiZjhmY2JhZg==",
    "identifier": "-",
    "leases": Array [],
    "length": 11,
    "mooringType": "STERN_BUOY_PLACE",
    "number": 31,
    "width": 3,
  },
  Object {
    "comment": undefined,
    "depth": undefined,
    "id": "QmVydGhOb2RlOmNmMmNjNGIyLTFlZmItNDA4OC05NjY1LWUyMzFjNTBlY2VhYg==",
    "identifier": "-",
    "leases": Array [],
    "length": 13,
    "mooringType": "STERN_BUOY_PLACE",
    "number": 32,
    "width": 3,
  },
  Object {
    "comment": undefined,
    "depth": undefined,
    "id": "QmVydGhOb2RlOjQ4YTMzZDIzLTk1MTEtNDY3NC1hODM2LTU1MGJjZjE4MGQ3OQ==",
    "identifier": "-",
    "leases": Array [],
    "length": 11,
    "mooringType": "STERN_BUOY_PLACE",
    "number": 33,
    "width": 3,
  },
  Object {
    "comment": undefined,
    "depth": undefined,
    "id": "QmVydGhOb2RlOjNhYjc2MWIwLTcwNjAtNGIzMS1hZDA1LTY2NDIzY2QyNzQwMw==",
    "identifier": "-",
    "leases": Array [],
    "length": 13,
    "mooringType": "STERN_BUOY_PLACE",
    "number": 34,
    "width": 3,
  },
  Object {
    "comment": undefined,
    "depth": undefined,
    "id": "QmVydGhOb2RlOmVmY2M0ZmQ1LTZlNTUtNDY3MS05MjRlLWRiZTRjYmUxNmRkNQ==",
    "identifier": "-",
    "leases": Array [],
    "length": 15,
    "mooringType": "STERN_BUOY_PLACE",
    "number": 35,
    "width": 3,
  },
]
`;
