// Jest Snapshot v1, https://goo.gl/fbAQLP

exports[`utils getBerths should return an array of Berth objects 1`] = `
Array [
  Object {
    "identifier": "10",
    "length": "6 m",
    "mooring": "Single slip place",
    "number": "01",
    "width": "2.5 m",
  },
  Object {
    "identifier": "10",
    "length": "8 m",
    "mooring": "Side slip place",
    "number": "02",
    "width": "3.5 m",
  },
  Object {
    "identifier": "10",
    "length": "6 m",
    "mooring": "Single slip place",
    "number": "03",
    "width": "2.5 m",
  },
  Object {
    "identifier": "10",
    "length": "8 m",
    "mooring": "Side slip place",
    "number": "04",
    "width": "3.5 m",
  },
  Object {
    "identifier": "19 b",
    "length": "9 m",
    "mooring": "Stern buoy place",
    "number": "01",
    "width": "2.5 m",
  },
  Object {
    "identifier": "19 b",
    "length": "9 m",
    "mooring": "Stern buoy place",
    "number": "02",
    "width": "3 m",
  },
  Object {
    "identifier": "19 b",
    "length": "9 m",
    "mooring": "Stern buoy place",
    "number": "03",
    "width": "3 m",
  },
  Object {
    "identifier": "19 b",
    "length": "9 m",
    "mooring": "Stern buoy place",
    "number": "04",
    "width": "3 m",
  },
  Object {
    "identifier": "19 b",
    "length": "9 m",
    "mooring": "Stern buoy place",
    "number": "05",
    "width": "3 m",
  },
  Object {
    "identifier": "19 b",
    "length": "9 m",
    "mooring": "Stern buoy place",
    "number": "06",
    "width": "3 m",
  },
  Object {
    "identifier": "19 b",
    "length": "9 m",
    "mooring": "Stern buoy place",
    "number": "07",
    "width": "3 m",
  },
  Object {
    "identifier": "19 b",
    "length": "9 m",
    "mooring": "Stern buoy place",
    "number": "08",
    "width": "3 m",
  },
  Object {
    "identifier": "19 b",
    "length": "9 m",
    "mooring": "Stern buoy place",
    "number": "09",
    "width": "3 m",
  },
  Object {
    "identifier": "19 b",
    "length": "9 m",
    "mooring": "Stern buoy place",
    "number": "10",
    "width": "3 m",
  },
  Object {
    "identifier": "19 b",
    "length": "9 m",
    "mooring": "Stern buoy place",
    "number": "11",
    "width": "3 m",
  },
  Object {
    "identifier": "19 b",
    "length": "9 m",
    "mooring": "Stern buoy place",
    "number": "12",
    "width": "3 m",
  },
  Object {
    "identifier": "19 b",
    "length": "9 m",
    "mooring": "Stern buoy place",
    "number": "13",
    "width": "3 m",
  },
  Object {
    "identifier": "19 b",
    "length": "9 m",
    "mooring": "Stern buoy place",
    "number": "14",
    "width": "3 m",
  },
  Object {
    "identifier": "19 b",
    "length": "9 m",
    "mooring": "Stern buoy place",
    "number": "15",
    "width": "3 m",
  },
  Object {
    "identifier": "19 b",
    "length": "9 m",
    "mooring": "Stern buoy place",
    "number": "16",
    "width": "3 m",
  },
]
`;
