// Jest Snapshot v1, https://goo.gl/fbAQLP

exports[`utils getBerths should return an array of Berth objects 1`] = `
Array [
  Object {
    "comment": "",
    "depth": null,
    "id": "QmVydGhOb2RlOmU0MGFkNzI0LWIyOTEtNDg4MS04MmY2LWQzMTM3YzM2ZTQ1MA==",
    "identifier": "10",
    "isActive": true,
    "leases": Array [],
    "length": 6,
    "mooringType": "SINGLE_SLIP_PLACE",
    "number": 1,
    "width": 2.5,
  },
  Object {
    "comment": "",
    "depth": null,
    "id": "QmVydGhOb2RlOjkxZDM4NTE5LWMzMTgtNDgyYy05OGIxLWE4YmU1NmIyNTMxYw==",
    "identifier": "10",
    "isActive": true,
    "leases": Array [],
    "length": 8,
    "mooringType": "SIDE_SLIP_PLACE",
    "number": 2,
    "width": 3.5,
  },
  Object {
    "comment": "",
    "depth": null,
    "id": "QmVydGhOb2RlOjcxZmQwYzNhLThkZWYtNDg5Ni05Y2IyLWQwZTRlZWRmZjM5NQ==",
    "identifier": "10",
    "isActive": true,
    "leases": Array [],
    "length": 6,
    "mooringType": "SINGLE_SLIP_PLACE",
    "number": 3,
    "width": 2.5,
  },
  Object {
    "comment": "",
    "depth": null,
    "id": "QmVydGhOb2RlOmFiYjljMWFhLWZkZjktNGU5OS04NjgwLTViYzdmNzNkOTUxYQ==",
    "identifier": "10",
    "isActive": true,
    "leases": Array [],
    "length": 8,
    "mooringType": "SIDE_SLIP_PLACE",
    "number": 4,
    "width": 3.5,
  },
  Object {
    "comment": "",
    "depth": null,
    "id": "QmVydGhOb2RlOmM5Nzk0YzY4LTg2ZDgtNGRlNy1iZDc5LWE1YWJhYWFmMzJjMA==",
    "identifier": "10",
    "isActive": true,
    "leases": Array [],
    "length": 6,
    "mooringType": "SINGLE_SLIP_PLACE",
    "number": 5,
    "width": 2.5,
  },
  Object {
    "comment": "",
    "depth": null,
    "id": "QmVydGhOb2RlOmE5ZTk0MDQ2LWEzNWQtNGMxZS04YjcwLTc2Mjk0OWFlNDY0MQ==",
    "identifier": "10",
    "isActive": true,
    "leases": Array [],
    "length": 8,
    "mooringType": "SIDE_SLIP_PLACE",
    "number": 6,
    "width": 3.5,
  },
  Object {
    "comment": "",
    "depth": null,
    "id": "QmVydGhOb2RlOmUzZmRiZTFlLTA4NWEtNDk3Ni1iZDNmLWZhM2UyZTA0OWIzYw==",
    "identifier": "10",
    "isActive": true,
    "leases": Array [],
    "length": 8,
    "mooringType": "SIDE_SLIP_PLACE",
    "number": 7,
    "width": 2.5,
  },
  Object {
    "comment": "",
    "depth": null,
    "id": "QmVydGhOb2RlOjIxNmMzMWE1LWMwYjEtNGFiZi05N2NmLWI0ZWY3MjNmMjE5YQ==",
    "identifier": "10",
    "isActive": true,
    "leases": Array [],
    "length": 8,
    "mooringType": "SIDE_SLIP_PLACE",
    "number": 8,
    "width": 3.5,
  },
  Object {
    "comment": "",
    "depth": null,
    "id": "QmVydGhOb2RlOjkzMjczODdkLWYyNmEtNGYyNC1iYTI2LTc1ZWU0YzQ1MTE2ZA==",
    "identifier": "10",
    "isActive": true,
    "leases": Array [],
    "length": 8,
    "mooringType": "SIDE_SLIP_PLACE",
    "number": 9,
    "width": 2.75,
  },
  Object {
    "comment": "",
    "depth": null,
    "id": "QmVydGhOb2RlOmI1MzVhN2U3LTNiM2ItNDliYS05NDE1LTg5YzhjY2I3ZDNmMg==",
    "identifier": "10",
    "isActive": true,
    "leases": Array [],
    "length": 8,
    "mooringType": "SIDE_SLIP_PLACE",
    "number": 10,
    "width": 3.5,
  },
  Object {
    "comment": "",
    "depth": null,
    "id": "QmVydGhOb2RlOjFlZTAyZGQ5LTVhM2MtNDI3ZC1iZWZmLTVmNmU3N2EyNWUyOQ==",
    "identifier": "10",
    "isActive": true,
    "leases": Array [],
    "length": 8,
    "mooringType": "SIDE_SLIP_PLACE",
    "number": 11,
    "width": 2.75,
  },
  Object {
    "comment": "",
    "depth": null,
    "id": "QmVydGhOb2RlOmM0N2EzMmE1LTU3MjQtNDg0YS05ZjA5LTJmODM1MjJjN2Y3Nw==",
    "identifier": "10",
    "isActive": true,
    "leases": Array [],
    "length": 8,
    "mooringType": "SIDE_SLIP_PLACE",
    "number": 12,
    "width": 3.5,
  },
  Object {
    "comment": "",
    "depth": null,
    "id": "QmVydGhOb2RlOjk5ZTNjM2E1LWQ5MmEtNDc0OC05NWY1LTMxNmNkNDNlNThhMA==",
    "identifier": "10",
    "isActive": true,
    "leases": Array [],
    "length": 8,
    "mooringType": "SIDE_SLIP_PLACE",
    "number": 13,
    "width": 3,
  },
  Object {
    "comment": "",
    "depth": null,
    "id": "QmVydGhOb2RlOjYzODU5M2I2LTNiOGEtNDYxZS04MjI4LWVhYTZhZDcwYTdhNA==",
    "identifier": "10",
    "isActive": true,
    "leases": Array [],
    "length": 8,
    "mooringType": "SIDE_SLIP_PLACE",
    "number": 14,
    "width": 3.5,
  },
  Object {
    "comment": "",
    "depth": null,
    "id": "QmVydGhOb2RlOjA1ZWJhZjNiLWY4NWMtNDlmNy04MjE2LWE3ZDUwNGU0MDA1MA==",
    "identifier": "10",
    "isActive": true,
    "leases": Array [],
    "length": 8,
    "mooringType": "SIDE_SLIP_PLACE",
    "number": 15,
    "width": 3,
  },
  Object {
    "comment": "",
    "depth": null,
    "id": "QmVydGhOb2RlOmMwNDc0ZDg4LWY1MWMtNGJiZS04YTBhLTcyZjczNGI0YTVkYw==",
    "identifier": "10",
    "isActive": true,
    "leases": Array [],
    "length": 8,
    "mooringType": "SIDE_SLIP_PLACE",
    "number": 16,
    "width": 3.5,
  },
  Object {
    "comment": "",
    "depth": null,
    "id": "QmVydGhOb2RlOmQxZTU3ZDY5LWNhNWYtNDE0My04NDg2LTk1ZTBhNWIzMzE1Nw==",
    "identifier": "10",
    "isActive": true,
    "leases": Array [],
    "length": 8,
    "mooringType": "SIDE_SLIP_PLACE",
    "number": 17,
    "width": 2.75,
  },
  Object {
    "comment": "",
    "depth": null,
    "id": "QmVydGhOb2RlOmZhMmRiNGYwLTg1NzUtNDQzOC05ZTgwLWU5Y2FhMGE5MzQxMw==",
    "identifier": "10",
    "isActive": true,
    "leases": Array [],
    "length": 8,
    "mooringType": "SIDE_SLIP_PLACE",
    "number": 18,
    "width": 3.5,
  },
  Object {
    "comment": "",
    "depth": null,
    "id": "QmVydGhOb2RlOjE1ZmEyOWIzLTYyZmQtNDJiMC05ODYzLWI5OGUxOWFjZjJkZQ==",
    "identifier": "10",
    "isActive": true,
    "leases": Array [],
    "length": 8,
    "mooringType": "SIDE_SLIP_PLACE",
    "number": 19,
    "width": 2.75,
  },
  Object {
    "comment": "",
    "depth": null,
    "id": "QmVydGhOb2RlOmQwMjZiOTlmLTJmOWItNDlmMS1iY2Y5LTQyNDcxYmU2NDQ5Mg==",
    "identifier": "10",
    "isActive": true,
    "leases": Array [],
    "length": 8,
    "mooringType": "SIDE_SLIP_PLACE",
    "number": 20,
    "width": 3.5,
  },
  Object {
    "comment": "",
    "depth": null,
    "id": "QmVydGhOb2RlOjg1NWYzMDkzLWM2ODUtNGQwNS04OWNiLTVhM2U3NzVhZjU4Ng==",
    "identifier": "10",
    "isActive": true,
    "leases": Array [],
    "length": 8,
    "mooringType": "SIDE_SLIP_PLACE",
    "number": 21,
    "width": 3,
  },
  Object {
    "comment": "",
    "depth": null,
    "id": "QmVydGhOb2RlOjA2MDU3YzJlLWY2ZmItNGEwOS04NGE1LTgzMGFkNDk4OWQzZA==",
    "identifier": "10",
    "isActive": true,
    "leases": Array [],
    "length": 8,
    "mooringType": "SIDE_SLIP_PLACE",
    "number": 22,
    "width": 3.5,
  },
  Object {
    "comment": "",
    "depth": null,
    "id": "QmVydGhOb2RlOmE2YzYwNTJhLTg3NDMtNDliNi04YjJjLTNlYjczZGM5ZTZlNg==",
    "identifier": "10",
    "isActive": true,
    "leases": Array [],
    "length": 8,
    "mooringType": "SIDE_SLIP_PLACE",
    "number": 23,
    "width": 3,
  },
  Object {
    "comment": "",
    "depth": null,
    "id": "QmVydGhOb2RlOjQwOTViNGU4LTE4ZmQtNDBjYS04YWEyLWM0ZjdlYzU0OWM1ZQ==",
    "identifier": "10",
    "isActive": true,
    "leases": Array [],
    "length": 8,
    "mooringType": "SIDE_SLIP_PLACE",
    "number": 24,
    "width": 3.5,
  },
  Object {
    "comment": "",
    "depth": null,
    "id": "QmVydGhOb2RlOmZmMTA0ZDE1LTI3YjItNDhkMS04ZDg4LWM2ODkzMGZkYjVlMA==",
    "identifier": "10",
    "isActive": true,
    "leases": Array [],
    "length": 8,
    "mooringType": "SIDE_SLIP_PLACE",
    "number": 25,
    "width": 3,
  },
  Object {
    "comment": "",
    "depth": null,
    "id": "QmVydGhOb2RlOjA4OTFjMTk0LTc4OTMtNGNlNi1hODdkLTUwZWQzNGY2NDM3YQ==",
    "identifier": "10",
    "isActive": true,
    "leases": Array [],
    "length": 17,
    "mooringType": "STERN_BUOY_PLACE",
    "number": 26,
    "width": 4,
  },
  Object {
    "comment": "",
    "depth": null,
    "id": "QmVydGhOb2RlOjlhYmE1ZTNiLWE3MTUtNDI5NC1hNmQ3LTE3MGQ3Yjc0ODllZA==",
    "identifier": "10",
    "isActive": true,
    "leases": Array [],
    "length": 8,
    "mooringType": "SIDE_SLIP_PLACE",
    "number": 27,
    "width": 3,
  },
  Object {
    "comment": "",
    "depth": null,
    "id": "QmVydGhOb2RlOmVkMTNhYWRiLWRhNWEtNDYzYS1hNjI3LTk5ZDhlOGZjMDA0Nw==",
    "identifier": "10",
    "isActive": true,
    "leases": Array [],
    "length": 17,
    "mooringType": "STERN_BUOY_PLACE",
    "number": 28,
    "width": 4,
  },
  Object {
    "comment": "",
    "depth": null,
    "id": "QmVydGhOb2RlOmM1ZDFmM2E2LTc3MGItNDc1MS1iMWM2LTM3NjU2ZGY2MTRjNg==",
    "identifier": "11 a",
    "isActive": true,
    "leases": Array [],
    "length": 5,
    "mooringType": "SINGLE_SLIP_PLACE",
    "number": 1,
    "width": 2.5,
  },
  Object {
    "comment": "",
    "depth": null,
    "id": "QmVydGhOb2RlOjVlZGQ3MTY0LWE3MDItNDVjZS05OWRkLTkzMDA2YzI5OTAyNw==",
    "identifier": "11 a",
    "isActive": true,
    "leases": Array [],
    "length": 5,
    "mooringType": "SINGLE_SLIP_PLACE",
    "number": 2,
    "width": 2.5,
  },
  Object {
    "comment": "",
    "depth": null,
    "id": "QmVydGhOb2RlOjUzMzQ5ODI5LTA1NDYtNDA3NC05YjIxLTdkODAzYzQ4MDRhMw==",
    "identifier": "11 a",
    "isActive": true,
    "leases": Array [],
    "length": 5,
    "mooringType": "SINGLE_SLIP_PLACE",
    "number": 3,
    "width": 2.5,
  },
  Object {
    "comment": "",
    "depth": null,
    "id": "QmVydGhOb2RlOjUxN2YyNTI2LTIzODAtNDVlZS1iZmJlLWE2Y2VmMDcwODZjZg==",
    "identifier": "11 a",
    "isActive": true,
    "leases": Array [],
    "length": 5,
    "mooringType": "SINGLE_SLIP_PLACE",
    "number": 4,
    "width": 2.5,
  },
  Object {
    "comment": "",
    "depth": null,
    "id": "QmVydGhOb2RlOjUzMGFhYzI0LWE4NjQtNDRhMi04NzU5LTczOTIzNTg3ZTZiMg==",
    "identifier": "11 a",
    "isActive": true,
    "leases": Array [],
    "length": 5,
    "mooringType": "SINGLE_SLIP_PLACE",
    "number": 5,
    "width": 2.5,
  },
  Object {
    "comment": "",
    "depth": null,
    "id": "QmVydGhOb2RlOjY0MGQ5MDg1LWU1NGItNGIzYi1hMzFlLTg1ZjFkNzdiZjJhYQ==",
    "identifier": "11 a",
    "isActive": true,
    "leases": Array [],
    "length": 5,
    "mooringType": "SINGLE_SLIP_PLACE",
    "number": 6,
    "width": 2.5,
  },
  Object {
    "comment": "",
    "depth": null,
    "id": "QmVydGhOb2RlOjQyMDA1MGNjLWI0ZWYtNGRlZS04NDk4LWEwNzBjNmQ2YTRmYw==",
    "identifier": "11 a",
    "isActive": true,
    "leases": Array [],
    "length": 5,
    "mooringType": "SINGLE_SLIP_PLACE",
    "number": 7,
    "width": 2.5,
  },
  Object {
    "comment": "",
    "depth": null,
    "id": "QmVydGhOb2RlOjdkMTFjNjhiLTVkYTYtNGEwYS05NWQ0LTVhNDQ3ZjQ1OTg3MA==",
    "identifier": "11 a",
    "isActive": true,
    "leases": Array [],
    "length": 5,
    "mooringType": "SINGLE_SLIP_PLACE",
    "number": 8,
    "width": 2.5,
  },
  Object {
    "comment": "",
    "depth": null,
    "id": "QmVydGhOb2RlOjY4NTE1NWE3LWRiNjEtNDIzNi04OGQzLTY3NDI3ODA2Y2NlMg==",
    "identifier": "11 a",
    "isActive": true,
    "leases": Array [],
    "length": 5,
    "mooringType": "SINGLE_SLIP_PLACE",
    "number": 9,
    "width": 2.5,
  },
  Object {
    "comment": "",
    "depth": null,
    "id": "QmVydGhOb2RlOmIzNzZjZTYxLWZkOWMtNGQ2Yi1iNDZmLTgwYzlkYjlkYThhZA==",
    "identifier": "11 a",
    "isActive": true,
    "leases": Array [],
    "length": 5,
    "mooringType": "SINGLE_SLIP_PLACE",
    "number": 10,
    "width": 2.5,
  },
  Object {
    "comment": "",
    "depth": null,
    "id": "QmVydGhOb2RlOjMzZjgyNzQzLTRhNzYtNDVjYS04MThkLWVmZWZiYWMwMmVlMg==",
    "identifier": "11 a",
    "isActive": true,
    "leases": Array [],
    "length": 5,
    "mooringType": "SINGLE_SLIP_PLACE",
    "number": 11,
    "width": 2.5,
  },
  Object {
    "comment": "",
    "depth": null,
    "id": "QmVydGhOb2RlOjRlYzk2ZTM4LTA2NDQtNDhlZC1hMTZmLTQyOWE4NWFmY2Q5Mw==",
    "identifier": "11 a",
    "isActive": true,
    "leases": Array [],
    "length": 5,
    "mooringType": "SINGLE_SLIP_PLACE",
    "number": 12,
    "width": 2.5,
  },
  Object {
    "comment": "",
    "depth": null,
    "id": "QmVydGhOb2RlOjRlZTk2ZDEwLWRkNmItNDI1NS05MmEzLTUyNTNjZDIyZDdhMA==",
    "identifier": "11 a",
    "isActive": true,
    "leases": Array [],
    "length": 5,
    "mooringType": "SINGLE_SLIP_PLACE",
    "number": 13,
    "width": 2.5,
  },
  Object {
    "comment": "",
    "depth": null,
    "id": "QmVydGhOb2RlOjg2MTUwY2I1LWIxOGQtNDYyZC1hZDM5LWM2MDQxZTgxNjkxOA==",
    "identifier": "11 a",
    "isActive": true,
    "leases": Array [],
    "length": 5,
    "mooringType": "SINGLE_SLIP_PLACE",
    "number": 14,
    "width": 2.5,
  },
  Object {
    "comment": "",
    "depth": null,
    "id": "QmVydGhOb2RlOmJhZTUxM2Y4LTQ0OWMtNDRjYi1iODY4LTVlNjc5ZjNkZjU4OA==",
    "identifier": "11 a",
    "isActive": true,
    "leases": Array [],
    "length": 5,
    "mooringType": "SINGLE_SLIP_PLACE",
    "number": 15,
    "width": 2.5,
  },
  Object {
    "comment": "",
    "depth": null,
    "id": "QmVydGhOb2RlOjk4NmMzMDE1LThkMWItNDQ0YS05NTZjLTAwNmM2MzNlNzQ4Yw==",
    "identifier": "11 a",
    "isActive": true,
    "leases": Array [],
    "length": 5,
    "mooringType": "SINGLE_SLIP_PLACE",
    "number": 16,
    "width": 2.5,
  },
  Object {
    "comment": "",
    "depth": null,
    "id": "QmVydGhOb2RlOmQxN2RhZjQxLTVmMGUtNGVkMC1iZGQxLTVkMjk5NGIzNWRhNA==",
    "identifier": "11 a",
    "isActive": true,
    "leases": Array [],
    "length": 5,
    "mooringType": "SINGLE_SLIP_PLACE",
    "number": 17,
    "width": 2.5,
  },
  Object {
    "comment": "",
    "depth": null,
    "id": "QmVydGhOb2RlOjliMTMyN2FlLTg1ZDAtNGY2OS1iMGJhLWZiOTkxYzVmMDkwOQ==",
    "identifier": "11 a",
    "isActive": true,
    "leases": Array [],
    "length": 5,
    "mooringType": "SINGLE_SLIP_PLACE",
    "number": 18,
    "width": 2.5,
  },
  Object {
    "comment": "",
    "depth": null,
    "id": "QmVydGhOb2RlOjBjNTljOTBiLTVlYzAtNGE2ZC1hZGMzLTVkYjc1ZGRmOTA4OQ==",
    "identifier": "11 a",
    "isActive": true,
    "leases": Array [],
    "length": 5,
    "mooringType": "SINGLE_SLIP_PLACE",
    "number": 19,
    "width": 2.5,
  },
  Object {
    "comment": "",
    "depth": null,
    "id": "QmVydGhOb2RlOmNkYWU3ODEwLWQ2NDktNDYyNi05ZWU1LTBhNTA1ZGQ2ZDk2Yg==",
    "identifier": "11 a",
    "isActive": true,
    "leases": Array [],
    "length": 5,
    "mooringType": "SINGLE_SLIP_PLACE",
    "number": 20,
    "width": 2.5,
  },
  Object {
    "comment": "",
    "depth": null,
    "id": "QmVydGhOb2RlOmQ3ZGQyODJjLWExYjMtNGNjMS1iMDRhLWE4MzdhNTg1NjUzMA==",
    "identifier": "11 a",
    "isActive": true,
    "leases": Array [],
    "length": 5,
    "mooringType": "SINGLE_SLIP_PLACE",
    "number": 21,
    "width": 2.5,
  },
  Object {
    "comment": "",
    "depth": null,
    "id": "QmVydGhOb2RlOmFiY2NjYzQzLTJjZWUtNGQwNS1hY2IwLWJjNDRkZWU3NjRhZA==",
    "identifier": "11 a",
    "isActive": true,
    "leases": Array [],
    "length": 8,
    "mooringType": "SIDE_SLIP_PLACE",
    "number": 22,
    "width": 3,
  },
  Object {
    "comment": "",
    "depth": null,
    "id": "QmVydGhOb2RlOjE4M2I2MjIyLTA2YTUtNDhlMC1hZDE5LTg3MzcxMmM2YWE0NA==",
    "identifier": "11 a",
    "isActive": true,
    "leases": Array [],
    "length": 5,
    "mooringType": "SINGLE_SLIP_PLACE",
    "number": 23,
    "width": 2.5,
  },
  Object {
    "comment": "",
    "depth": null,
    "id": "QmVydGhOb2RlOjdiNThiYjIxLWM3MzEtNDRlOC05YTVhLTg0M2NlYjY2M2YwYQ==",
    "identifier": "11 a",
    "isActive": true,
    "leases": Array [],
    "length": 8,
    "mooringType": "SIDE_SLIP_PLACE",
    "number": 24,
    "width": 3,
  },
  Object {
    "comment": "",
    "depth": null,
    "id": "QmVydGhOb2RlOjFkMTBjOWU3LTU1NTUtNGZiMS1hZmJhLThkNzYyYmMyNzc2Zg==",
    "identifier": "11 a",
    "isActive": true,
    "leases": Array [],
    "length": 5,
    "mooringType": "SINGLE_SLIP_PLACE",
    "number": 25,
    "width": 2.5,
  },
  Object {
    "comment": "",
    "depth": null,
    "id": "QmVydGhOb2RlOjRlZTIwMTRkLWVjYTMtNDdiNy05YjM1LTY1NjM1ZTQ4YjQxMA==",
    "identifier": "11 a",
    "isActive": true,
    "leases": Array [],
    "length": 8,
    "mooringType": "SIDE_SLIP_PLACE",
    "number": 26,
    "width": 3,
  },
  Object {
    "comment": "",
    "depth": null,
    "id": "QmVydGhOb2RlOjQ4MTI0YTQzLWQ3NjUtNDg5MS1iNDBjLTAyM2NjMmNlNzJmOA==",
    "identifier": "11 a",
    "isActive": true,
    "leases": Array [],
    "length": 5,
    "mooringType": "SINGLE_SLIP_PLACE",
    "number": 27,
    "width": 2.5,
  },
  Object {
    "comment": "",
    "depth": null,
    "id": "QmVydGhOb2RlOjQ0OGRhZTU0LTFiZjctNDhlMy1iNzhmLTNiOTIxODdiYTU5MA==",
    "identifier": "11 a",
    "isActive": true,
    "leases": Array [],
    "length": 8,
    "mooringType": "SIDE_SLIP_PLACE",
    "number": 28,
    "width": 3,
  },
  Object {
    "comment": "",
    "depth": null,
    "id": "QmVydGhOb2RlOjFmOTkwMjg0LTUzMTEtNDMwZi1iYTE1LWY0NzIwYjM0NWU4MA==",
    "identifier": "11 a",
    "isActive": true,
    "leases": Array [],
    "length": 5,
    "mooringType": "SINGLE_SLIP_PLACE",
    "number": 29,
    "width": 2.5,
  },
  Object {
    "comment": "",
    "depth": null,
    "id": "QmVydGhOb2RlOjQzNzg0MTYyLWQzZTItNGJiYy05ODBlLWFjZDY5MjQ3MzMxOA==",
    "identifier": "11 a",
    "isActive": true,
    "leases": Array [],
    "length": 8,
    "mooringType": "SIDE_SLIP_PLACE",
    "number": 30,
    "width": 3,
  },
  Object {
    "comment": "",
    "depth": null,
    "id": "QmVydGhOb2RlOjc2Mzk4OTJlLWI0OWItNGNlNy05ZGI5LWMwMTdlYTc1ODVmNA==",
    "identifier": "11 a",
    "isActive": true,
    "leases": Array [],
    "length": 5,
    "mooringType": "SINGLE_SLIP_PLACE",
    "number": 31,
    "width": 2.5,
  },
  Object {
    "comment": "",
    "depth": null,
    "id": "QmVydGhOb2RlOjE1NDFlZGIwLWE3YTgtNDZmZS1hYTMyLWQ3NjZjYTQyM2E1Yw==",
    "identifier": "11 a",
    "isActive": true,
    "leases": Array [],
    "length": 8,
    "mooringType": "SIDE_SLIP_PLACE",
    "number": 32,
    "width": 3,
  },
  Object {
    "comment": "",
    "depth": null,
    "id": "QmVydGhOb2RlOmM1M2I4M2E0LWFjNmQtNGQ2MC1hOTljLTcxNjYwNzUzNzkyNw==",
    "identifier": "11 a",
    "isActive": true,
    "leases": Array [],
    "length": 5,
    "mooringType": "SINGLE_SLIP_PLACE",
    "number": 33,
    "width": 2.5,
  },
  Object {
    "comment": "",
    "depth": null,
    "id": "QmVydGhOb2RlOjUyNDk4ZmFiLTA2MDMtNDE0OC04YjlhLTc5ZDI0MDg0NWMyMg==",
    "identifier": "11 a",
    "isActive": true,
    "leases": Array [],
    "length": 8,
    "mooringType": "SIDE_SLIP_PLACE",
    "number": 34,
    "width": 3,
  },
  Object {
    "comment": "",
    "depth": null,
    "id": "QmVydGhOb2RlOjMzZGVmOGQxLTMyZTMtNGNmZi1iMzlmLWRiY2QwYWE1MDgzZQ==",
    "identifier": "11 a",
    "isActive": true,
    "leases": Array [],
    "length": 5,
    "mooringType": "SINGLE_SLIP_PLACE",
    "number": 35,
    "width": 2.5,
  },
  Object {
    "comment": "",
    "depth": null,
    "id": "QmVydGhOb2RlOjJkMjYxNWU1LWQwNGItNDQxZi1iYmVjLTEzNzMyNmY1MzA0Mw==",
    "identifier": "11 a",
    "isActive": true,
    "leases": Array [],
    "length": 8,
    "mooringType": "SIDE_SLIP_PLACE",
    "number": 36,
    "width": 3,
  },
  Object {
    "comment": "",
    "depth": null,
    "id": "QmVydGhOb2RlOjYzOGE2NWNiLTIyMWEtNGMzMi1hNjIyLTJhYmNlMWYzZmFiNg==",
    "identifier": "11 a",
    "isActive": true,
    "leases": Array [],
    "length": 5,
    "mooringType": "SINGLE_SLIP_PLACE",
    "number": 37,
    "width": 2.5,
  },
  Object {
    "comment": "",
    "depth": null,
    "id": "QmVydGhOb2RlOjMxYTVlYzRhLTVjMjgtNDlhOS1hYjBiLTIxYzZmMWM2NGE2Zg==",
    "identifier": "11 a",
    "isActive": true,
    "leases": Array [],
    "length": 8,
    "mooringType": "SIDE_SLIP_PLACE",
    "number": 38,
    "width": 3,
  },
  Object {
    "comment": "",
    "depth": null,
    "id": "QmVydGhOb2RlOmNkZjU3ZGQ1LTZmZDMtNGJkOS1iMTRlLTM0YTM4NDAyNzgyNw==",
    "identifier": "11 a",
    "isActive": true,
    "leases": Array [],
    "length": 5,
    "mooringType": "SINGLE_SLIP_PLACE",
    "number": 39,
    "width": 2.5,
  },
  Object {
    "comment": "",
    "depth": null,
    "id": "QmVydGhOb2RlOjAwNTQzYjk3LTQwODUtNDAyYy1iYjc0LTc1MmE0OWJkMzMxNg==",
    "identifier": "11 a",
    "isActive": true,
    "leases": Array [],
    "length": 8,
    "mooringType": "SIDE_SLIP_PLACE",
    "number": 40,
    "width": 3,
  },
  Object {
    "comment": "",
    "depth": null,
    "id": "QmVydGhOb2RlOjQ1ZWVkZTAzLTYzZDUtNGI4ZC1hNDM4LTZiZmFiOWFiZTk3Nw==",
    "identifier": "11 a",
    "isActive": true,
    "leases": Array [],
    "length": 8,
    "mooringType": "SIDE_SLIP_PLACE",
    "number": 41,
    "width": 3,
  },
  Object {
    "comment": "",
    "depth": null,
    "id": "QmVydGhOb2RlOmI1OTNjMmUxLWE1MGEtNGQ2Yy1hNzQ0LWY5M2I4ODY5ZmFmNg==",
    "identifier": "11 a",
    "isActive": true,
    "leases": Array [],
    "length": 8,
    "mooringType": "SIDE_SLIP_PLACE",
    "number": 42,
    "width": 3,
  },
  Object {
    "comment": "",
    "depth": null,
    "id": "QmVydGhOb2RlOjI2YjUyZWRkLTI5N2UtNDBhMy1hYTY5LTkzODUyM2Y3ODM2Mg==",
    "identifier": "11 a",
    "isActive": true,
    "leases": Array [],
    "length": 8,
    "mooringType": "SIDE_SLIP_PLACE",
    "number": 43,
    "width": 3,
  },
  Object {
    "comment": "",
    "depth": null,
    "id": "QmVydGhOb2RlOmMzODgwYjQwLTNkMzgtNGJmYi1hYjYwLWM5Zjg0ZjI4Mjk5ZA==",
    "identifier": "11 a",
    "isActive": true,
    "leases": Array [],
    "length": 8,
    "mooringType": "SIDE_SLIP_PLACE",
    "number": 44,
    "width": 3,
  },
  Object {
    "comment": "",
    "depth": null,
    "id": "QmVydGhOb2RlOjdlMTRjNDdiLTA4OWMtNGEyNC1hNjQ2LTUxNThmZDRkNDNjYw==",
    "identifier": "11 a",
    "isActive": true,
    "leases": Array [],
    "length": 8,
    "mooringType": "SIDE_SLIP_PLACE",
    "number": 45,
    "width": 3,
  },
  Object {
    "comment": "",
    "depth": null,
    "id": "QmVydGhOb2RlOjMzMDJlOTc5LTUzNWYtNGVlYi04YmZhLTZkODkzZDI3YzdiMQ==",
    "identifier": "11 a",
    "isActive": true,
    "leases": Array [],
    "length": 8,
    "mooringType": "SIDE_SLIP_PLACE",
    "number": 46,
    "width": 3,
  },
  Object {
    "comment": "",
    "depth": null,
    "id": "QmVydGhOb2RlOjE1ZjQ5YzRhLWQ4MGItNDY0My1hODY4LWZhMDhiYjdiYzViZQ==",
    "identifier": "11 a",
    "isActive": true,
    "leases": Array [],
    "length": 8,
    "mooringType": "SIDE_SLIP_PLACE",
    "number": 47,
    "width": 3,
  },
  Object {
    "comment": "",
    "depth": null,
    "id": "QmVydGhOb2RlOmNkNmE5ZWUyLWQ0NGEtNDE3Zi04YmEzLTRlNmE0MTJkODE3Yw==",
    "identifier": "11 a",
    "isActive": true,
    "leases": Array [],
    "length": 8,
    "mooringType": "SIDE_SLIP_PLACE",
    "number": 48,
    "width": 3,
  },
  Object {
    "comment": "",
    "depth": null,
    "id": "QmVydGhOb2RlOjM0NTUxNDNkLTJjYzctNGNjZC1hNGE1LTY3Yzg5MDRhMTQ3ZA==",
    "identifier": "11 a",
    "isActive": true,
    "leases": Array [],
    "length": 8,
    "mooringType": "SIDE_SLIP_PLACE",
    "number": 49,
    "width": 3,
  },
  Object {
    "comment": "",
    "depth": null,
    "id": "QmVydGhOb2RlOmY1MmRmMTIwLWY3NzEtNDEwOC05MzFlLTY5MzRhOTYxNjg3Mw==",
    "identifier": "11 a",
    "isActive": true,
    "leases": Array [],
    "length": 8,
    "mooringType": "SIDE_SLIP_PLACE",
    "number": 50,
    "width": 3,
  },
  Object {
    "comment": "",
    "depth": null,
    "id": "QmVydGhOb2RlOjU5NjE0OWY3LTcwOGYtNGRjMC1hZTRlLTQ5MTdiZmUwNTUxMg==",
    "identifier": "11 a",
    "isActive": true,
    "leases": Array [],
    "length": 8,
    "mooringType": "SIDE_SLIP_PLACE",
    "number": 51,
    "width": 3,
  },
  Object {
    "comment": "",
    "depth": null,
    "id": "QmVydGhOb2RlOjcyNmFmNGEyLThkMjctNGNlNS1hNjJkLTRkYjk5YzZmMTcxYw==",
    "identifier": "11 a",
    "isActive": true,
    "leases": Array [],
    "length": 8,
    "mooringType": "SIDE_SLIP_PLACE",
    "number": 52,
    "width": 3,
  },
  Object {
    "comment": "",
    "depth": null,
    "id": "QmVydGhOb2RlOjQzODVkNTA5LTA4ODMtNDQ4OS1iNGQwLTM2YzU1NmJhZjVkYw==",
    "identifier": "11 a",
    "isActive": true,
    "leases": Array [],
    "length": 8,
    "mooringType": "SIDE_SLIP_PLACE",
    "number": 53,
    "width": 3,
  },
  Object {
    "comment": "",
    "depth": null,
    "id": "QmVydGhOb2RlOjNlNzgzZWQyLWIwMmUtNDVlYy05OGQzLWY0NDdjMTExMzdkZQ==",
    "identifier": "11 a",
    "isActive": true,
    "leases": Array [],
    "length": 8,
    "mooringType": "SIDE_SLIP_PLACE",
    "number": 54,
    "width": 3,
  },
  Object {
    "comment": "",
    "depth": null,
    "id": "QmVydGhOb2RlOmQzM2M0OWIyLWUzODktNGM1OC05M2Y2LWNkMjIzOTgxZjRlNA==",
    "identifier": "11 a",
    "isActive": true,
    "leases": Array [],
    "length": 8,
    "mooringType": "SIDE_SLIP_PLACE",
    "number": 55,
    "width": 3,
  },
  Object {
    "comment": "",
    "depth": null,
    "id": "QmVydGhOb2RlOjRhNDU2ZDQxLWM2NmQtNDJhNS05MTE0LWYwMjViODEwYWUyZA==",
    "identifier": "11 a",
    "isActive": true,
    "leases": Array [],
    "length": 8,
    "mooringType": "SIDE_SLIP_PLACE",
    "number": 56,
    "width": 3,
  },
  Object {
    "comment": "",
    "depth": null,
    "id": "QmVydGhOb2RlOmJmMTI0Nzc1LTdhYWEtNGFkNS1hOGZhLTUxNDQ4Yjk4MzE4OQ==",
    "identifier": "11 a",
    "isActive": true,
    "leases": Array [],
    "length": 8,
    "mooringType": "SIDE_SLIP_PLACE",
    "number": 57,
    "width": 3,
  },
  Object {
    "comment": "",
    "depth": null,
    "id": "QmVydGhOb2RlOjdhOTVlOWY2LTI2MjAtNDA1ZC1iYTg1LTVjMDQ1MDUxMjBmYQ==",
    "identifier": "11 a",
    "isActive": true,
    "leases": Array [],
    "length": 8,
    "mooringType": "SIDE_SLIP_PLACE",
    "number": 58,
    "width": 3,
  },
  Object {
    "comment": "",
    "depth": null,
    "id": "QmVydGhOb2RlOjE1MDUzMDgwLTkzMDctNDgyNS1iOWU4LTcxNmRjMGUxYThiYw==",
    "identifier": "11 a",
    "isActive": true,
    "leases": Array [],
    "length": 8,
    "mooringType": "SIDE_SLIP_PLACE",
    "number": 59,
    "width": 3,
  },
  Object {
    "comment": "",
    "depth": null,
    "id": "QmVydGhOb2RlOjk0ZTEwMTdmLTJjMzgtNGFmZi04MmQzLWJmYzczMGM1NGQ1OQ==",
    "identifier": "11 a",
    "isActive": true,
    "leases": Array [],
    "length": 8,
    "mooringType": "SIDE_SLIP_PLACE",
    "number": 60,
    "width": 3,
  },
  Object {
    "comment": "",
    "depth": null,
    "id": "QmVydGhOb2RlOmY5ZTA2ZTEzLTk1OTktNDg3YS1hZTQzLTg1NGE4NDJmYmRkZg==",
    "identifier": "11 a",
    "isActive": true,
    "leases": Array [],
    "length": 8,
    "mooringType": "SIDE_SLIP_PLACE",
    "number": 61,
    "width": 3,
  },
  Object {
    "comment": "",
    "depth": null,
    "id": "QmVydGhOb2RlOjEzZjBjNTU1LWQyYjQtNDcxZC1hYjg5LWY0MjI2OTMwMTYyNA==",
    "identifier": "11 a",
    "isActive": true,
    "leases": Array [],
    "length": 8,
    "mooringType": "SIDE_SLIP_PLACE",
    "number": 62,
    "width": 3,
  },
  Object {
    "comment": "",
    "depth": null,
    "id": "QmVydGhOb2RlOjg0ZDFjNzY4LWZlNjQtNDg5ZC1hYjM2LTZlNGM4NjhhOTcxOQ==",
    "identifier": "11 a",
    "isActive": true,
    "leases": Array [],
    "length": 8,
    "mooringType": "SIDE_SLIP_PLACE",
    "number": 63,
    "width": 3.5,
  },
  Object {
    "comment": "",
    "depth": null,
    "id": "QmVydGhOb2RlOjNiOTJiZjY2LWQyODQtNDBlZS04NmExLWY5MTQ5YzI3MmZlNg==",
    "identifier": "11 a",
    "isActive": true,
    "leases": Array [],
    "length": 8,
    "mooringType": "SIDE_SLIP_PLACE",
    "number": 64,
    "width": 3,
  },
  Object {
    "comment": "",
    "depth": null,
    "id": "QmVydGhOb2RlOjQ0NDhlZGQ5LWI1OWQtNGIyMC04NWYwLTk3OWFiOGNmNjY5Yg==",
    "identifier": "11 a",
    "isActive": true,
    "leases": Array [],
    "length": 8,
    "mooringType": "SIDE_SLIP_PLACE",
    "number": 65,
    "width": 3.5,
  },
  Object {
    "comment": "",
    "depth": null,
    "id": "QmVydGhOb2RlOjMyODlmN2I3LTVlOWQtNDdhNS04Y2MzLWE2OTQ2NDExZjJmOA==",
    "identifier": "11 a",
    "isActive": true,
    "leases": Array [],
    "length": 8,
    "mooringType": "SIDE_SLIP_PLACE",
    "number": 66,
    "width": 4,
  },
  Object {
    "comment": "",
    "depth": null,
    "id": "QmVydGhOb2RlOjIxOGJlZGUzLThiNWQtNDcxZS05NDVlLTUyOGZjMThhNzkyYw==",
    "identifier": "11 a",
    "isActive": true,
    "leases": Array [],
    "length": 8,
    "mooringType": "SIDE_SLIP_PLACE",
    "number": 67,
    "width": 3.5,
  },
  Object {
    "comment": "",
    "depth": null,
    "id": "QmVydGhOb2RlOmI1NmRmYjdlLWU2MTAtNDY1YS04ZGFkLTVlYTFhOGQxNDcyNw==",
    "identifier": "11 a",
    "isActive": true,
    "leases": Array [],
    "length": 8,
    "mooringType": "SIDE_SLIP_PLACE",
    "number": 68,
    "width": 3,
  },
  Object {
    "comment": "",
    "depth": null,
    "id": "QmVydGhOb2RlOjUzN2MzNzliLWE1ZmQtNGFkZS1hOWQ3LTlhNTU4YmU2MjAyOA==",
    "identifier": "11 a",
    "isActive": true,
    "leases": Array [],
    "length": 9,
    "mooringType": "SIDE_SLIP_PLACE",
    "number": 69,
    "width": 3.5,
  },
  Object {
    "comment": "",
    "depth": null,
    "id": "QmVydGhOb2RlOmYxNmEwYmY2LTBiYjYtNDQxYi1iYTg4LThlZTdhNzRlNTExMA==",
    "identifier": "11 a",
    "isActive": true,
    "leases": Array [],
    "length": 8,
    "mooringType": "SIDE_SLIP_PLACE",
    "number": 70,
    "width": 3,
  },
  Object {
    "comment": "",
    "depth": null,
    "id": "QmVydGhOb2RlOmE3YTA3YmUwLTJjZjMtNDc1YS04OGNiLWRkZWFhNjg0OTA3OA==",
    "identifier": "11 a",
    "isActive": true,
    "leases": Array [],
    "length": 9,
    "mooringType": "SIDE_SLIP_PLACE",
    "number": 71,
    "width": 3,
  },
  Object {
    "comment": "",
    "depth": null,
    "id": "QmVydGhOb2RlOjYwNjllNTgzLWFhMmMtNDZkYy1iN2U2LWVkYmI5YjAwNDdhNQ==",
    "identifier": "11 a",
    "isActive": true,
    "leases": Array [],
    "length": 8,
    "mooringType": "SIDE_SLIP_PLACE",
    "number": 72,
    "width": 3,
  },
  Object {
    "comment": "",
    "depth": null,
    "id": "QmVydGhOb2RlOjk3ZmNhZDM4LWU1ZGQtNDQ4MS1iOGE5LTk4OWQ1MzU3NzAxNQ==",
    "identifier": "11 a",
    "isActive": true,
    "leases": Array [],
    "length": 9,
    "mooringType": "SIDE_SLIP_PLACE",
    "number": 73,
    "width": 3,
  },
  Object {
    "comment": "",
    "depth": null,
    "id": "QmVydGhOb2RlOjUwNTY2YzM5LTY4ZDAtNDAyNy05ZTdiLTZjMDc2OWIyNmNmOA==",
    "identifier": "11 a",
    "isActive": true,
    "leases": Array [],
    "length": 8,
    "mooringType": "SIDE_SLIP_PLACE",
    "number": 74,
    "width": 3,
  },
  Object {
    "comment": "",
    "depth": null,
    "id": "QmVydGhOb2RlOjU2M2ZmYTU5LTY0ZmEtNDJlYy05MjEyLTdkOGI0ZDRhZmY0MQ==",
    "identifier": "11 a",
    "isActive": true,
    "leases": Array [],
    "length": 9,
    "mooringType": "SIDE_SLIP_PLACE",
    "number": 75,
    "width": 3,
  },
  Object {
    "comment": "",
    "depth": null,
    "id": "QmVydGhOb2RlOjA1N2RiNmE1LTEzYzktNGE5NC1hZWRiLTBhOGEzZjNjYjk4Mg==",
    "identifier": "11 a",
    "isActive": true,
    "leases": Array [],
    "length": 8,
    "mooringType": "SIDE_SLIP_PLACE",
    "number": 76,
    "width": 3,
  },
  Object {
    "comment": "",
    "depth": null,
    "id": "QmVydGhOb2RlOjhkYTdjMzY5LTIxM2UtNGNjOC05MzI5LTAwOTMwNTg5ZWFmNQ==",
    "identifier": "11 a",
    "isActive": true,
    "leases": Array [],
    "length": 9,
    "mooringType": "SIDE_SLIP_PLACE",
    "number": 77,
    "width": 3,
  },
  Object {
    "comment": "",
    "depth": null,
    "id": "QmVydGhOb2RlOjU2Mzk5ZWQyLTk3ODEtNDFhMS1hNzYwLTliMmU2YWUxZjBkOQ==",
    "identifier": "11 a",
    "isActive": true,
    "leases": Array [],
    "length": 8,
    "mooringType": "SIDE_SLIP_PLACE",
    "number": 78,
    "width": 3,
  },
  Object {
    "comment": "",
    "depth": null,
    "id": "QmVydGhOb2RlOmQyODVjYmI1LTYzODctNGQ2Ni04Zjg2LTFhYjExZTkxODc5NQ==",
    "identifier": "11 a",
    "isActive": true,
    "leases": Array [],
    "length": 9,
    "mooringType": "SIDE_SLIP_PLACE",
    "number": 79,
    "width": 3,
  },
  Object {
    "comment": "",
    "depth": null,
    "id": "QmVydGhOb2RlOjFiNmMzZTViLTBhNmMtNGQ2ZS04NDc5LWM2NDljNmYyNThhOA==",
    "identifier": "11 a",
    "isActive": true,
    "leases": Array [],
    "length": 9,
    "mooringType": "SIDE_SLIP_PLACE",
    "number": 81,
    "width": 3,
  },
  Object {
    "comment": "",
    "depth": null,
    "id": "QmVydGhOb2RlOjY4OTdkOTgyLTA2OTMtNDlhNy1hMzFiLWJhMjEyZDM5ZmJiOA==",
    "identifier": "11 b",
    "isActive": true,
    "leases": Array [],
    "length": 5,
    "mooringType": "SINGLE_SLIP_PLACE",
    "number": 1,
    "width": 2.5,
  },
  Object {
    "comment": "",
    "depth": null,
    "id": "QmVydGhOb2RlOmZiMDFmNDhlLTgwY2ItNGU4OS1iNTUzLTE2M2E4YWQyMjE5OQ==",
    "identifier": "11 b",
    "isActive": true,
    "leases": Array [],
    "length": 5,
    "mooringType": "SINGLE_SLIP_PLACE",
    "number": 2,
    "width": 2.5,
  },
  Object {
    "comment": "",
    "depth": null,
    "id": "QmVydGhOb2RlOjdjMTVkNzA0LTZiODgtNGFmOC04MjgzLWVmNWYzYTM2ZDViNw==",
    "identifier": "11 b",
    "isActive": true,
    "leases": Array [],
    "length": 5,
    "mooringType": "SINGLE_SLIP_PLACE",
    "number": 3,
    "width": 2.5,
  },
  Object {
    "comment": "",
    "depth": null,
    "id": "QmVydGhOb2RlOjc0NDExNDcyLTBiMTEtNGJiMi05ODc4LTk4OTdkOTU3YWQ5Nw==",
    "identifier": "11 b",
    "isActive": true,
    "leases": Array [],
    "length": 5,
    "mooringType": "SINGLE_SLIP_PLACE",
    "number": 4,
    "width": 2.5,
  },
  Object {
    "comment": "",
    "depth": null,
    "id": "QmVydGhOb2RlOjA2MTBkMjZmLTliMjAtNDQ5ZC1hNzJiLTcyNzdkMmUwYmQ2Yw==",
    "identifier": "11 b",
    "isActive": true,
    "leases": Array [],
    "length": 5,
    "mooringType": "SINGLE_SLIP_PLACE",
    "number": 5,
    "width": 2.5,
  },
  Object {
    "comment": "",
    "depth": null,
    "id": "QmVydGhOb2RlOmYxYWI3MjgxLWJhNjgtNDkxZi1iNDNlLTE5ZDdhNTZlZTU0OA==",
    "identifier": "11 b",
    "isActive": true,
    "leases": Array [],
    "length": 5,
    "mooringType": "SINGLE_SLIP_PLACE",
    "number": 6,
    "width": 2.5,
  },
  Object {
    "comment": "",
    "depth": null,
    "id": "QmVydGhOb2RlOmQ5YjA2ZWI4LWFlYjAtNDMxNC1hNWQ4LTYxMTdkMzRkZGU1Zg==",
    "identifier": "11 b",
    "isActive": true,
    "leases": Array [],
    "length": 5,
    "mooringType": "SINGLE_SLIP_PLACE",
    "number": 7,
    "width": 2.5,
  },
  Object {
    "comment": "",
    "depth": null,
    "id": "QmVydGhOb2RlOmI2MDUyYzA1LTYwMjUtNGUxNC05MGQ3LWI1MzcwMjRmMzk2ZQ==",
    "identifier": "11 b",
    "isActive": true,
    "leases": Array [],
    "length": 5,
    "mooringType": "SINGLE_SLIP_PLACE",
    "number": 8,
    "width": 2.5,
  },
  Object {
    "comment": "",
    "depth": null,
    "id": "QmVydGhOb2RlOjA1MTY3OWEzLTFjYzktNDdhYy05OTcxLThhZGI3ZWUwNzhiNg==",
    "identifier": "11 b",
    "isActive": true,
    "leases": Array [],
    "length": 5,
    "mooringType": "SINGLE_SLIP_PLACE",
    "number": 9,
    "width": 2.5,
  },
  Object {
    "comment": "",
    "depth": null,
    "id": "QmVydGhOb2RlOjkxZDEzODE0LTViMjAtNGIyMi05NDI0LTA4YjZlMzA3ZWQ2Ng==",
    "identifier": "11 b",
    "isActive": true,
    "leases": Array [],
    "length": 5,
    "mooringType": "SINGLE_SLIP_PLACE",
    "number": 10,
    "width": 2.5,
  },
  Object {
    "comment": "",
    "depth": null,
    "id": "QmVydGhOb2RlOmVlNjNkNGRjLTExNTctNDk5OS1hMzY1LTJiZjFjYTcxNGQ2Yw==",
    "identifier": "11 b",
    "isActive": true,
    "leases": Array [],
    "length": 5,
    "mooringType": "SINGLE_SLIP_PLACE",
    "number": 11,
    "width": 2.5,
  },
  Object {
    "comment": "",
    "depth": null,
    "id": "QmVydGhOb2RlOmEyODA2OGM0LTU4YmYtNDdjMS04YmI5LTNhMTM2NWQzYzE1Mg==",
    "identifier": "11 b",
    "isActive": true,
    "leases": Array [],
    "length": 5,
    "mooringType": "SINGLE_SLIP_PLACE",
    "number": 12,
    "width": 2.5,
  },
  Object {
    "comment": "",
    "depth": null,
    "id": "QmVydGhOb2RlOjc2MDJkMDkzLTUyNWQtNGUxZi05ZWY0LTUyOGY5MmU2MWE5OA==",
    "identifier": "11 b",
    "isActive": true,
    "leases": Array [],
    "length": 5,
    "mooringType": "SINGLE_SLIP_PLACE",
    "number": 13,
    "width": 2.5,
  },
  Object {
    "comment": "",
    "depth": null,
    "id": "QmVydGhOb2RlOjllMmRhMzRiLWFiZWMtNDlhNy1iZDFhLTUwMWUwZmQ1YTdlNQ==",
    "identifier": "11 b",
    "isActive": true,
    "leases": Array [],
    "length": 5,
    "mooringType": "SINGLE_SLIP_PLACE",
    "number": 14,
    "width": 2.5,
  },
  Object {
    "comment": "",
    "depth": null,
    "id": "QmVydGhOb2RlOmYxYzAxY2NlLTY0ZDQtNDhiZi04MjJmLWVlMWZmMDVkY2Q3ZQ==",
    "identifier": "11 b",
    "isActive": true,
    "leases": Array [],
    "length": 5,
    "mooringType": "SINGLE_SLIP_PLACE",
    "number": 15,
    "width": 2.5,
  },
  Object {
    "comment": "",
    "depth": null,
    "id": "QmVydGhOb2RlOjMzZjlkMDgzLWQ5MmUtNDI2MC1hMDQxLTc1YzdiZGNhMWVlYg==",
    "identifier": "11 b",
    "isActive": true,
    "leases": Array [],
    "length": 5,
    "mooringType": "SINGLE_SLIP_PLACE",
    "number": 16,
    "width": 2.5,
  },
  Object {
    "comment": "",
    "depth": null,
    "id": "QmVydGhOb2RlOjZkMTYzYTQ3LTcxZTEtNDY1Yi04YjIzLWZiNzlhNjgwMDYxYw==",
    "identifier": "11 b",
    "isActive": true,
    "leases": Array [],
    "length": 5,
    "mooringType": "SINGLE_SLIP_PLACE",
    "number": 17,
    "width": 2.5,
  },
  Object {
    "comment": "",
    "depth": null,
    "id": "QmVydGhOb2RlOjI3OWU2ZDFkLTAwZjMtNDdmZi1iZTczLTg3YmE0ZDU0NWYzZA==",
    "identifier": "11 b",
    "isActive": true,
    "leases": Array [],
    "length": 5,
    "mooringType": "SINGLE_SLIP_PLACE",
    "number": 18,
    "width": 2.5,
  },
  Object {
    "comment": "",
    "depth": null,
    "id": "QmVydGhOb2RlOmVjNzBlODcxLWM1NDQtNDI1My1hMjRlLTRlZjFlZjI1M2YwNg==",
    "identifier": "11 b",
    "isActive": true,
    "leases": Array [],
    "length": 5,
    "mooringType": "SINGLE_SLIP_PLACE",
    "number": 19,
    "width": 2.5,
  },
  Object {
    "comment": "",
    "depth": null,
    "id": "QmVydGhOb2RlOjMyZDgxNDVjLWE3M2QtNDY1Yi1iOTJlLThkYWM5ODIyMWQ2YQ==",
    "identifier": "11 b",
    "isActive": true,
    "leases": Array [],
    "length": 5,
    "mooringType": "SINGLE_SLIP_PLACE",
    "number": 20,
    "width": 2.5,
  },
  Object {
    "comment": "",
    "depth": null,
    "id": "QmVydGhOb2RlOjZhZDE4ZmI4LTU4YzgtNGJlNC1hOGJhLTZjNDk4NjExZGU2Yg==",
    "identifier": "11 b",
    "isActive": true,
    "leases": Array [],
    "length": 5,
    "mooringType": "SINGLE_SLIP_PLACE",
    "number": 21,
    "width": 2.5,
  },
  Object {
    "comment": "",
    "depth": null,
    "id": "QmVydGhOb2RlOjE5OTg0NjQ2LWVjYzAtNDllNy04OTlkLWI3MzkwYmYwOGRhYw==",
    "identifier": "11 b",
    "isActive": true,
    "leases": Array [],
    "length": 5,
    "mooringType": "SINGLE_SLIP_PLACE",
    "number": 22,
    "width": 2.5,
  },
  Object {
    "comment": "",
    "depth": null,
    "id": "QmVydGhOb2RlOmE4NWI1NjhhLTNlNmMtNDI2NC05NWUxLTc5ZTQ2OGQ2NjkyZg==",
    "identifier": "11 b",
    "isActive": true,
    "leases": Array [],
    "length": 5,
    "mooringType": "SINGLE_SLIP_PLACE",
    "number": 23,
    "width": 2.5,
  },
  Object {
    "comment": "",
    "depth": null,
    "id": "QmVydGhOb2RlOmU1ODk0M2NhLTMzOGEtNDVjZC1iNTNmLWE1NzdkODNiZWVlOQ==",
    "identifier": "11 b",
    "isActive": true,
    "leases": Array [],
    "length": 5,
    "mooringType": "SINGLE_SLIP_PLACE",
    "number": 24,
    "width": 2.5,
  },
  Object {
    "comment": "",
    "depth": null,
    "id": "QmVydGhOb2RlOjQ0YzVhMWRiLTIyNGEtNDEzOS1iYzRkLTZhZDQ1MzI4NmM0ZA==",
    "identifier": "11 b",
    "isActive": true,
    "leases": Array [],
    "length": 5,
    "mooringType": "SINGLE_SLIP_PLACE",
    "number": 25,
    "width": 2.5,
  },
  Object {
    "comment": "",
    "depth": null,
    "id": "QmVydGhOb2RlOjk2NjllNjJiLTdjMWMtNGVkYy1hYjcwLTE1MjA5OGM3YTYyNg==",
    "identifier": "11 b",
    "isActive": true,
    "leases": Array [],
    "length": 5,
    "mooringType": "SINGLE_SLIP_PLACE",
    "number": 26,
    "width": 2.5,
  },
  Object {
    "comment": "",
    "depth": null,
    "id": "QmVydGhOb2RlOjRmYmFkM2MwLWRlYjItNDA3Ny1hY2Q0LWExMDVkZmEwNDM0OA==",
    "identifier": "11 b",
    "isActive": true,
    "leases": Array [],
    "length": 5,
    "mooringType": "SINGLE_SLIP_PLACE",
    "number": 27,
    "width": 2.5,
  },
  Object {
    "comment": "",
    "depth": null,
    "id": "QmVydGhOb2RlOmNhNjRkMjc5LTA5ZmItNDdjNC05OGY2LTA5OGUyZjYyOWE3OQ==",
    "identifier": "11 b",
    "isActive": true,
    "leases": Array [],
    "length": 5,
    "mooringType": "SINGLE_SLIP_PLACE",
    "number": 28,
    "width": 2.5,
  },
  Object {
    "comment": "",
    "depth": null,
    "id": "QmVydGhOb2RlOjZiMTcxOGQwLTQ2YTUtNGQ5ZC1hYmI3LTU0YWZmMDBhMTc2MA==",
    "identifier": "11 b",
    "isActive": true,
    "leases": Array [],
    "length": 5,
    "mooringType": "SINGLE_SLIP_PLACE",
    "number": 29,
    "width": 2.5,
  },
  Object {
    "comment": "",
    "depth": null,
    "id": "QmVydGhOb2RlOmIzNzNhMmQ3LTc5M2YtNDY5NC04YmJiLTljMTg3NzU4YWI0OQ==",
    "identifier": "11 b",
    "isActive": true,
    "leases": Array [],
    "length": 5,
    "mooringType": "SINGLE_SLIP_PLACE",
    "number": 30,
    "width": 2.5,
  },
  Object {
    "comment": "",
    "depth": null,
    "id": "QmVydGhOb2RlOjM0OTkxOTVmLTlmYTMtNGFmOS04NDA2LTdmNGNhNjY5NjFiZQ==",
    "identifier": "11 b",
    "isActive": true,
    "leases": Array [],
    "length": 5,
    "mooringType": "SINGLE_SLIP_PLACE",
    "number": 31,
    "width": 2.5,
  },
  Object {
    "comment": "",
    "depth": null,
    "id": "QmVydGhOb2RlOjdkNjAzNWU5LTgyZTYtNDFlOC04OTllLTdkMjMzN2VhMDZiNA==",
    "identifier": "11 b",
    "isActive": true,
    "leases": Array [],
    "length": 5,
    "mooringType": "SINGLE_SLIP_PLACE",
    "number": 32,
    "width": 2.5,
  },
  Object {
    "comment": "",
    "depth": null,
    "id": "QmVydGhOb2RlOjFkODk3YTkwLTI4OTItNDRkOC05ZDExLWNmNjU3Nzc3OWRmMA==",
    "identifier": "11 b",
    "isActive": true,
    "leases": Array [],
    "length": 5,
    "mooringType": "SINGLE_SLIP_PLACE",
    "number": 33,
    "width": 2.5,
  },
  Object {
    "comment": "",
    "depth": null,
    "id": "QmVydGhOb2RlOmM3YWU4MjY4LTI5NmYtNDIwMC1hYWVjLTM5MGJhZTYxNWNiYQ==",
    "identifier": "11 b",
    "isActive": true,
    "leases": Array [],
    "length": 5,
    "mooringType": "SINGLE_SLIP_PLACE",
    "number": 34,
    "width": 2.5,
  },
  Object {
    "comment": "",
    "depth": null,
    "id": "QmVydGhOb2RlOjM1ODkyZTQzLWIwN2UtNGUyNS1hZGVlLTk5NzA4MmJjODg0Mw==",
    "identifier": "11 b",
    "isActive": true,
    "leases": Array [],
    "length": 5,
    "mooringType": "SINGLE_SLIP_PLACE",
    "number": 35,
    "width": 2.5,
  },
  Object {
    "comment": "",
    "depth": null,
    "id": "QmVydGhOb2RlOjMzMDU0NjA1LWMyMDAtNGRlYy04N2ExLTI1YTQ3NWQ4OTI4Mw==",
    "identifier": "11 b",
    "isActive": true,
    "leases": Array [],
    "length": 5,
    "mooringType": "SINGLE_SLIP_PLACE",
    "number": 36,
    "width": 2.5,
  },
  Object {
    "comment": "",
    "depth": null,
    "id": "QmVydGhOb2RlOmUzMWQ4MjZkLWFhMzAtNDQ3Yy04ZDUwLTAyZjg4YTM5OGY5MQ==",
    "identifier": "19 a",
    "isActive": true,
    "leases": Array [],
    "length": 6,
    "mooringType": "SINGLE_SLIP_PLACE",
    "number": 1,
    "width": 2.5,
  },
  Object {
    "comment": "",
    "depth": null,
    "id": "QmVydGhOb2RlOjNiZGE4Zjg2LTAwYzItNDFhMy1hODhmLTdlYTBkMjkyM2VjZQ==",
    "identifier": "19 a",
    "isActive": true,
    "leases": Array [],
    "length": 6,
    "mooringType": "SINGLE_SLIP_PLACE",
    "number": 2,
    "width": 2.5,
  },
  Object {
    "comment": "",
    "depth": null,
    "id": "QmVydGhOb2RlOjhmM2NhMmRmLTA3YTMtNGNjOS04ODNjLTE1OWRkNzE1Y2Y4YQ==",
    "identifier": "19 a",
    "isActive": true,
    "leases": Array [],
    "length": 6,
    "mooringType": "SINGLE_SLIP_PLACE",
    "number": 3,
    "width": 2.5,
  },
  Object {
    "comment": "",
    "depth": null,
    "id": "QmVydGhOb2RlOjFkMmEyNzIwLTRiZTgtNDQ2NS1iODE2LTU3NGYwMWJkZmFhNA==",
    "identifier": "19 a",
    "isActive": true,
    "leases": Array [],
    "length": 6,
    "mooringType": "SINGLE_SLIP_PLACE",
    "number": 4,
    "width": 2.5,
  },
  Object {
    "comment": "",
    "depth": null,
    "id": "QmVydGhOb2RlOmJjMTM4ZDU3LTcxNGUtNDg4Mi04NDYwLWQ0ZDJjNDE4ZGQ5Yw==",
    "identifier": "19 a",
    "isActive": true,
    "leases": Array [],
    "length": 6,
    "mooringType": "SINGLE_SLIP_PLACE",
    "number": 5,
    "width": 3,
  },
  Object {
    "comment": "",
    "depth": null,
    "id": "QmVydGhOb2RlOmI1ODNjMjJkLTAwOTEtNGIzOS1iZjYyLWM5MDg2OTE1NzYzNQ==",
    "identifier": "19 a",
    "isActive": true,
    "leases": Array [],
    "length": 6,
    "mooringType": "SINGLE_SLIP_PLACE",
    "number": 6,
    "width": 3,
  },
  Object {
    "comment": "",
    "depth": null,
    "id": "QmVydGhOb2RlOmIxYjhjYzY1LTY2ODYtNDRkZS05NWVjLWUyNzNhYWViNzQ2MA==",
    "identifier": "19 a",
    "isActive": true,
    "leases": Array [],
    "length": 6,
    "mooringType": "SINGLE_SLIP_PLACE",
    "number": 7,
    "width": 3,
  },
  Object {
    "comment": "",
    "depth": null,
    "id": "QmVydGhOb2RlOjUxOTQ3OTAzLThkNGMtNGE0ZS04ZDk2LTU2OGMxMjYwN2I4NQ==",
    "identifier": "19 a",
    "isActive": true,
    "leases": Array [],
    "length": 6,
    "mooringType": "SINGLE_SLIP_PLACE",
    "number": 8,
    "width": 3,
  },
  Object {
    "comment": "",
    "depth": null,
    "id": "QmVydGhOb2RlOmE4NGMzOGExLTNlMjYtNDQ1ZC1hMTZhLTY0ZjY1NTRlZGFkZQ==",
    "identifier": "19 a",
    "isActive": true,
    "leases": Array [],
    "length": 6,
    "mooringType": "SINGLE_SLIP_PLACE",
    "number": 9,
    "width": 3,
  },
  Object {
    "comment": "",
    "depth": null,
    "id": "QmVydGhOb2RlOjU5YTRmNmE4LWUxMjYtNDY2ZS1hODJhLWIwMmY3MmI2ZjNhMQ==",
    "identifier": "19 a",
    "isActive": true,
    "leases": Array [],
    "length": 6,
    "mooringType": "SINGLE_SLIP_PLACE",
    "number": 10,
    "width": 3,
  },
  Object {
    "comment": "",
    "depth": null,
    "id": "QmVydGhOb2RlOjg2YzMzNzAzLWM1ZWYtNGFjZC04NDkxLWMwZjlhZDEzZjNiOA==",
    "identifier": "19 a",
    "isActive": true,
    "leases": Array [],
    "length": 6,
    "mooringType": "SINGLE_SLIP_PLACE",
    "number": 11,
    "width": 3,
  },
  Object {
    "comment": "",
    "depth": null,
    "id": "QmVydGhOb2RlOmQ1ZDE4ZTc4LTJlMGMtNGZiNy05YWE5LTA4YjE0MmY5NmM4ZA==",
    "identifier": "19 a",
    "isActive": true,
    "leases": Array [],
    "length": 6,
    "mooringType": "SINGLE_SLIP_PLACE",
    "number": 12,
    "width": 3,
  },
  Object {
    "comment": "",
    "depth": null,
    "id": "QmVydGhOb2RlOmUzMmJmZjYyLTE2N2YtNDRmYS05M2M5LTA1NDNmNDBjNWViOA==",
    "identifier": "19 a",
    "isActive": true,
    "leases": Array [],
    "length": 8,
    "mooringType": "SIDE_SLIP_PLACE",
    "number": 13,
    "width": 3,
  },
  Object {
    "comment": "",
    "depth": null,
    "id": "QmVydGhOb2RlOjM4NDFhZmJlLTQ0YjMtNGVkMy05NjgwLTAzNDE4YTQyMDQ2Yg==",
    "identifier": "19 a",
    "isActive": true,
    "leases": Array [],
    "length": 8,
    "mooringType": "SIDE_SLIP_PLACE",
    "number": 14,
    "width": 3,
  },
  Object {
    "comment": "",
    "depth": null,
    "id": "QmVydGhOb2RlOjJiNjYyZjNiLWQwNTYtNDRkZi05NDQ2LWYwZjYwMzhiNDExMQ==",
    "identifier": "19 a",
    "isActive": true,
    "leases": Array [],
    "length": 8,
    "mooringType": "SIDE_SLIP_PLACE",
    "number": 15,
    "width": 3,
  },
  Object {
    "comment": "",
    "depth": null,
    "id": "QmVydGhOb2RlOmRjNWQzNzQ1LWYzZjItNGE5Zi04MGRkLWQ0ZmU2ZTAwM2Y1Ng==",
    "identifier": "19 a",
    "isActive": true,
    "leases": Array [],
    "length": 8,
    "mooringType": "SIDE_SLIP_PLACE",
    "number": 16,
    "width": 3,
  },
  Object {
    "comment": "",
    "depth": null,
    "id": "QmVydGhOb2RlOmM2YzBkODE4LTZkMTgtNGI1Yi05ZDRiLWYwYjJhNDIzNzQ1OQ==",
    "identifier": "19 a",
    "isActive": true,
    "leases": Array [],
    "length": 8,
    "mooringType": "SIDE_SLIP_PLACE",
    "number": 17,
    "width": 3,
  },
  Object {
    "comment": "",
    "depth": null,
    "id": "QmVydGhOb2RlOjJiYzI3Y2VmLTFjNGYtNDM1ZC05MGVhLWM0NWU5YmNiNzE1Ng==",
    "identifier": "19 a",
    "isActive": true,
    "leases": Array [],
    "length": 8,
    "mooringType": "SIDE_SLIP_PLACE",
    "number": 18,
    "width": 3,
  },
  Object {
    "comment": "",
    "depth": null,
    "id": "QmVydGhOb2RlOmIzZDFkMGNjLWJmNTktNDJiNC05MGIxLTUxOWY3ZTgyZDQxNQ==",
    "identifier": "19 a",
    "isActive": true,
    "leases": Array [],
    "length": 8,
    "mooringType": "SIDE_SLIP_PLACE",
    "number": 19,
    "width": 3.5,
  },
  Object {
    "comment": "",
    "depth": null,
    "id": "QmVydGhOb2RlOmI4NDA5NTk1LWY0N2UtNDM5Mi05NTQxLTdmNGNiYjFjNzg5Nw==",
    "identifier": "19 a",
    "isActive": true,
    "leases": Array [],
    "length": 8,
    "mooringType": "SIDE_SLIP_PLACE",
    "number": 20,
    "width": 3.5,
  },
  Object {
    "comment": "",
    "depth": null,
    "id": "QmVydGhOb2RlOjdmZTgyYmM4LTQ1OTEtNDFiZS1hODMwLWVmYmJlOGNjMjI2Mw==",
    "identifier": "19 a",
    "isActive": true,
    "leases": Array [],
    "length": 8,
    "mooringType": "SIDE_SLIP_PLACE",
    "number": 21,
    "width": 3.5,
  },
  Object {
    "comment": "",
    "depth": null,
    "id": "QmVydGhOb2RlOjAwNDIxNWM3LTAwMmUtNGJmZC04YjM0LTAwZjE2NjAzMWM0ZQ==",
    "identifier": "19 a",
    "isActive": true,
    "leases": Array [],
    "length": 8,
    "mooringType": "SIDE_SLIP_PLACE",
    "number": 22,
    "width": 3.5,
  },
  Object {
    "comment": "",
    "depth": null,
    "id": "QmVydGhOb2RlOmE2YzAzNTI3LWM0YjUtNGIzYS1iNWExLWViZjE0Mzg1NWFhMw==",
    "identifier": "19 a",
    "isActive": true,
    "leases": Array [],
    "length": 8,
    "mooringType": "SIDE_SLIP_PLACE",
    "number": 23,
    "width": 3.5,
  },
  Object {
    "comment": "",
    "depth": null,
    "id": "QmVydGhOb2RlOmE1NmQyNDBjLTcwYjktNGNkNS05OWNiLTM1ZGI0YWQ2MmRiYw==",
    "identifier": "19 a",
    "isActive": true,
    "leases": Array [],
    "length": 8,
    "mooringType": "SIDE_SLIP_PLACE",
    "number": 24,
    "width": 3.5,
  },
  Object {
    "comment": "",
    "depth": null,
    "id": "QmVydGhOb2RlOjBjYzIxYjEwLWE1NzYtNDBjNS1iMmIxLWI5NzM3YzMzN2E3NQ==",
    "identifier": "19 a",
    "isActive": true,
    "leases": Array [],
    "length": 8,
    "mooringType": "SIDE_SLIP_PLACE",
    "number": 25,
    "width": 3.5,
  },
  Object {
    "comment": "",
    "depth": null,
    "id": "QmVydGhOb2RlOmE1OTQwMDZlLWExMDctNDI5NS1iMzAzLThkMWM0OTY5ZDJkNg==",
    "identifier": "19 a",
    "isActive": true,
    "leases": Array [],
    "length": 8,
    "mooringType": "SIDE_SLIP_PLACE",
    "number": 26,
    "width": 3.5,
  },
  Object {
    "comment": "",
    "depth": null,
    "id": "QmVydGhOb2RlOjRhNDk4N2EyLWMwNTEtNGJjZC05MWFhLTVmNjIzN2ExMzE5MQ==",
    "identifier": "19 a",
    "isActive": true,
    "leases": Array [],
    "length": 8,
    "mooringType": "SIDE_SLIP_PLACE",
    "number": 27,
    "width": 3.5,
  },
  Object {
    "comment": "",
    "depth": null,
    "id": "QmVydGhOb2RlOjdmZjk5NzFiLTQ1ZjItNDA5NS1iNDI4LTE3ZTgzMGZhNmJiNw==",
    "identifier": "19 a",
    "isActive": true,
    "leases": Array [],
    "length": 8,
    "mooringType": "SIDE_SLIP_PLACE",
    "number": 28,
    "width": 3.5,
  },
  Object {
    "comment": "",
    "depth": null,
    "id": "QmVydGhOb2RlOjhmNjU1ZTViLTI3MzAtNDViYi1iNDRiLWI5MmRkZjZmZDcyYw==",
    "identifier": "19 a",
    "isActive": true,
    "leases": Array [],
    "length": 12,
    "mooringType": "STERN_BUOY_PLACE",
    "number": 29,
    "width": 3.5,
  },
  Object {
    "comment": "",
    "depth": null,
    "id": "QmVydGhOb2RlOjU4OTY2MmQ5LTA3MGMtNDllNS1hNTIzLTFjZjhhYTkxY2IwYw==",
    "identifier": "19 b",
    "isActive": true,
    "leases": Array [],
    "length": 9,
    "mooringType": "STERN_BUOY_PLACE",
    "number": 1,
    "width": 2.5,
  },
  Object {
    "comment": "",
    "depth": null,
    "id": "QmVydGhOb2RlOjk4ZWNlNjZiLTIyY2MtNDY4My05OWQ1LTk2NTkwODEyOWVjNQ==",
    "identifier": "19 b",
    "isActive": true,
    "leases": Array [],
    "length": 9,
    "mooringType": "STERN_BUOY_PLACE",
    "number": 2,
    "width": 3,
  },
  Object {
    "comment": "",
    "depth": null,
    "id": "QmVydGhOb2RlOjM5N2Y4ZjZmLTQyMDktNGNjZi04MWZkLTBmYjYxYjE0NjMxZA==",
    "identifier": "19 b",
    "isActive": true,
    "leases": Array [],
    "length": 9,
    "mooringType": "STERN_BUOY_PLACE",
    "number": 3,
    "width": 3,
  },
  Object {
    "comment": "",
    "depth": null,
    "id": "QmVydGhOb2RlOjM3ODI2MjEyLTlmZGYtNDEyMy04NDFhLTA3ZmRhMTUyOTZhMQ==",
    "identifier": "19 b",
    "isActive": true,
    "leases": Array [],
    "length": 9,
    "mooringType": "STERN_BUOY_PLACE",
    "number": 4,
    "width": 3,
  },
  Object {
    "comment": "",
    "depth": null,
    "id": "QmVydGhOb2RlOmUxZjcwYmJmLWNhNjQtNDU0My04ODA2LWRjM2E2MmIzNDY0MA==",
    "identifier": "19 b",
    "isActive": true,
    "leases": Array [],
    "length": 9,
    "mooringType": "STERN_BUOY_PLACE",
    "number": 5,
    "width": 3,
  },
  Object {
    "comment": "",
    "depth": null,
    "id": "QmVydGhOb2RlOjg5YWQ0MmYxLTc0NTItNDIzZC1hNTY2LWUyYmYyMDEyZmE3OA==",
    "identifier": "19 b",
    "isActive": true,
    "leases": Array [],
    "length": 9,
    "mooringType": "STERN_BUOY_PLACE",
    "number": 6,
    "width": 3,
  },
  Object {
    "comment": "",
    "depth": null,
    "id": "QmVydGhOb2RlOmM2OGI2NDAyLTQzY2ItNDRmZi05NmFlLTliMzRlYzk0MDc5MQ==",
    "identifier": "19 b",
    "isActive": true,
    "leases": Array [],
    "length": 9,
    "mooringType": "STERN_BUOY_PLACE",
    "number": 7,
    "width": 3,
  },
  Object {
    "comment": "",
    "depth": null,
    "id": "QmVydGhOb2RlOjg0Y2E1YThiLTJjZDktNDg1My05OWYzLTI0MWVjZjY4NjAxNQ==",
    "identifier": "19 b",
    "isActive": true,
    "leases": Array [],
    "length": 9,
    "mooringType": "STERN_BUOY_PLACE",
    "number": 8,
    "width": 3,
  },
  Object {
    "comment": "",
    "depth": null,
    "id": "QmVydGhOb2RlOmEwNjljZjVhLTQwM2EtNDNjMi04ZjIzLWM1Y2JiNWMwMWQzMA==",
    "identifier": "19 b",
    "isActive": true,
    "leases": Array [],
    "length": 9,
    "mooringType": "STERN_BUOY_PLACE",
    "number": 9,
    "width": 3,
  },
  Object {
    "comment": "",
    "depth": null,
    "id": "QmVydGhOb2RlOmRjNDc2NTEzLTIxZTgtNDVkMi05ZmEzLTkwMGM4OWFhYzUxYw==",
    "identifier": "19 b",
    "isActive": true,
    "leases": Array [],
    "length": 9,
    "mooringType": "STERN_BUOY_PLACE",
    "number": 10,
    "width": 3,
  },
  Object {
    "comment": "",
    "depth": null,
    "id": "QmVydGhOb2RlOmRjNGU4ZDAyLThlN2YtNDBmMi1hMDVlLTgyNzRmNmRjYTk4OA==",
    "identifier": "19 b",
    "isActive": true,
    "leases": Array [],
    "length": 9,
    "mooringType": "STERN_BUOY_PLACE",
    "number": 11,
    "width": 3,
  },
  Object {
    "comment": "",
    "depth": null,
    "id": "QmVydGhOb2RlOjgyMzMwY2Q1LTY2YjYtNGE3Yy04ZDA5LWE3YWI2ZTEzMjdkNA==",
    "identifier": "19 b",
    "isActive": true,
    "leases": Array [],
    "length": 9,
    "mooringType": "STERN_BUOY_PLACE",
    "number": 12,
    "width": 3,
  },
  Object {
    "comment": "",
    "depth": null,
    "id": "QmVydGhOb2RlOmUxZDJiMWY5LTZhY2MtNDI2Mi1iZTg3LThlNGJlNDgxYWViNA==",
    "identifier": "19 b",
    "isActive": true,
    "leases": Array [],
    "length": 9,
    "mooringType": "STERN_BUOY_PLACE",
    "number": 13,
    "width": 3,
  },
  Object {
    "comment": "",
    "depth": null,
    "id": "QmVydGhOb2RlOmI3OWJiYTk5LTk0OTUtNGEwMC04YmQ2LTY5ZDU2YzVjNTFhYQ==",
    "identifier": "19 b",
    "isActive": true,
    "leases": Array [],
    "length": 9,
    "mooringType": "STERN_BUOY_PLACE",
    "number": 14,
    "width": 3,
  },
  Object {
    "comment": "",
    "depth": null,
    "id": "QmVydGhOb2RlOjQzYjJkNDRlLTAzNGMtNDVhNi1iYjE2LWViYWY1MTc1N2RhOA==",
    "identifier": "19 b",
    "isActive": true,
    "leases": Array [],
    "length": 9,
    "mooringType": "STERN_BUOY_PLACE",
    "number": 15,
    "width": 3,
  },
  Object {
    "comment": "",
    "depth": null,
    "id": "QmVydGhOb2RlOjc0MDM2YTc4LTMzZjAtNDM4MS04NjNhLTExZGYwNDI1MjkyNw==",
    "identifier": "19 b",
    "isActive": true,
    "leases": Array [],
    "length": 9,
    "mooringType": "STERN_BUOY_PLACE",
    "number": 16,
    "width": 3,
  },
]
`;
