// Jest Snapshot v1, https://goo.gl/fbAQLP

exports[`utils getWinterStorageAreasData success path winter storage areas follow the expected shape 1`] = `
Object {
  "electricity": 0,
  "gate": 0,
  "id": "0",
  "imageFile": "https://venepaikka-api.test.hel.ninja/media/harbors/9a8d8313-eaa2-47d2-8f2d-2bb9893f9bc7/41359.jpg",
  "maps": Array [
    Object {
      "id": "testmap",
      "url": "testmap",
    },
  ],
  "maxWidth": null,
  "municipality": null,
  "name": "-",
  "numberOfFreePlaces": 0,
  "numberOfMarkedPlaces": 0,
  "servicemapId": "",
  "streetAddress": null,
  "summerStorageForDockingEquipment": 0,
  "summerStorageForTrailers": 0,
  "water": 0,
  "wwwUrl": "https://www.hel.fi/",
  "zipCode": "00100",
}
`;

exports[`utils getWinterStorageAreasData success path winter storage areas follow the expected shape 2`] = `
Object {
  "electricity": 1,
  "gate": 1,
  "id": "1",
  "imageFile": "https://venepaikka-api.test.hel.ninja/media/harbors/9a8d8313-eaa2-47d2-8f2d-2bb9893f9bc7/41359.jpg",
  "maps": Array [
    Object {
      "id": "testmap",
      "url": "testmap",
    },
  ],
  "maxWidth": 5,
  "municipality": "Helsinki",
  "name": "Pursilahdenranta",
  "numberOfFreePlaces": 0,
  "numberOfMarkedPlaces": 0,
  "servicemapId": "",
  "streetAddress": "Pursilahdenranta 1",
  "summerStorageForDockingEquipment": 1,
  "summerStorageForTrailers": 1,
  "water": 1,
  "wwwUrl": "https://www.hel.fi/",
  "zipCode": "00990",
}
`;
