// Jest Snapshot v1, https://goo.gl/fbAQLP

exports[`Pricing renders normally 1`] = `
<div
  class="pricing"
>
  <h2
    class="text standard h2 xl normalWeight pageTitle"
  >
    HINNASTO
  </h2>
  <div
    class="grid"
  >
    <div
      class="card fullWidth"
    >
      <div
        class="cardHeader"
      >
        <span
          class="title"
        >
          Venepaikka
        </span>
      </div>
      <div
        class="cardBody"
      >
        <article
          class="section"
        >
          <section
            class="body"
          >
            Perushinta. Hinnat sisältävät alv 24 %.
          </section>
        </article>
        <div>
          <div
            class="tableWrapper"
          >
            <div
              class="table basic noMainHeader"
              role="table"
              style="min-width:712.5px"
            >
              <div
                class="stickyHeaders"
              >
                <div
                  class="header"
                  role="row"
                  style="display:flex;flex:1 0 auto;min-width:0px"
                >
                  <div
                    class="headerCell"
                    colspan="1"
                    role="columnheader"
                    style="box-sizing:border-box;flex:150 0 auto;min-width:0px;width:150px;cursor:pointer"
                    title="Toggle SortBy"
                  >
                    Leveys
                    <div
                      class="sortArrowWrapper"
                    >
                      <svg
                        class="Icon-module_icon__1Jtzj icon_hds-icon__1YqNC Icon-module_m__3edUY icon_hds-icon--size-m__1mcHv sortArrow sortArrowDown"
                        viewBox="0 0 24 24"
                        xmlns="http://www.w3.org/2000/svg"
                      >
                        <g
                          fill="none"
                          fill-rule="evenodd"
                        >
                          <path
                            d="M0 0h24v24H0z"
                          />
                          <path
                            d="M10 5.636l1.414 1.414L7.465 11H20v2H7.464l3.95 3.95L10 18.364 3.636 12z"
                            fill="currentColor"
                          />
                        </g>
                      </svg>
                    </div>
                  </div>
                  <div
                    class="headerCell"
                    colspan="1"
                    role="columnheader"
                    style="box-sizing:border-box;flex:150 0 auto;min-width:0px;width:150px;cursor:pointer"
                    title="Toggle SortBy"
                  >
                    Yksityinen
                    <div
                      class="sortArrowWrapper"
                    >
                      <svg
                        class="Icon-module_icon__1Jtzj icon_hds-icon__1YqNC Icon-module_m__3edUY icon_hds-icon--size-m__1mcHv sortArrow sortArrowDown"
                        viewBox="0 0 24 24"
                        xmlns="http://www.w3.org/2000/svg"
                      >
                        <g
                          fill="none"
                          fill-rule="evenodd"
                        >
                          <path
                            d="M0 0h24v24H0z"
                          />
                          <path
                            d="M10 5.636l1.414 1.414L7.465 11H20v2H7.464l3.95 3.95L10 18.364 3.636 12z"
                            fill="currentColor"
                          />
                        </g>
                      </svg>
                    </div>
                  </div>
                  <div
                    class="headerCell"
                    colspan="1"
                    role="columnheader"
                    style="box-sizing:border-box;flex:150 0 auto;min-width:0px;width:150px;cursor:pointer"
                    title="Toggle SortBy"
                  >
                    Yritys
                    <div
                      class="sortArrowWrapper"
                    >
                      <svg
                        class="Icon-module_icon__1Jtzj icon_hds-icon__1YqNC Icon-module_m__3edUY icon_hds-icon--size-m__1mcHv sortArrow sortArrowDown"
                        viewBox="0 0 24 24"
                        xmlns="http://www.w3.org/2000/svg"
                      >
                        <g
                          fill="none"
                          fill-rule="evenodd"
                        >
                          <path
                            d="M0 0h24v24H0z"
                          />
                          <path
                            d="M10 5.636l1.414 1.414L7.465 11H20v2H7.464l3.95 3.95L10 18.364 3.636 12z"
                            fill="currentColor"
                          />
                        </g>
                      </svg>
                    </div>
                  </div>
                  <div
                    class="headerCell"
                    colspan="1"
                    role="columnheader"
                    style="box-sizing:border-box;flex:150 0 auto;min-width:0px;width:150px;cursor:pointer"
                    title="Toggle SortBy"
                  >
                    Aika
                    <div
                      class="sortArrowWrapper"
                    >
                      <svg
                        class="Icon-module_icon__1Jtzj icon_hds-icon__1YqNC Icon-module_m__3edUY icon_hds-icon--size-m__1mcHv sortArrow sortArrowDown"
                        viewBox="0 0 24 24"
                        xmlns="http://www.w3.org/2000/svg"
                      >
                        <g
                          fill="none"
                          fill-rule="evenodd"
                        >
                          <path
                            d="M0 0h24v24H0z"
                          />
                          <path
                            d="M10 5.636l1.414 1.414L7.465 11H20v2H7.464l3.95 3.95L10 18.364 3.636 12z"
                            fill="currentColor"
                          />
                        </g>
                      </svg>
                    </div>
                  </div>
                  <div
                    class="headerCell"
                    colspan="1"
                    role="columnheader"
                    style="box-sizing:border-box;flex:112.5 0 auto;min-width:0px;width:112.5px"
                  >
                    Muokkaa
                  </div>
                </div>
              </div>
              <div
                role="rowgroup"
              >
                <div
                  class="rowWrapper"
                >
                  <div
                    role="row"
                    style="display:flex;flex:1 0 auto;min-width:0px"
                  >
                    <div
                      class="tableCell"
                      role="cell"
                      style="box-sizing:border-box;flex:150 0 auto;min-width:0px;width:150px"
                    >
                      sed sed debitis
                    </div>
                    <div
                      class="tableCell"
                      role="cell"
                      style="box-sizing:border-box;flex:150 0 auto;min-width:0px;width:150px"
                    >
                      10,20 €
                    </div>
                    <div
                      class="tableCell"
                      role="cell"
                      style="box-sizing:border-box;flex:150 0 auto;min-width:0px;width:150px"
                    >
                      20,40 €
                    </div>
                    <div
                      class="tableCell"
                      role="cell"
                      style="box-sizing:border-box;flex:150 0 auto;min-width:0px;width:150px"
                    >
                      Kausi
                    </div>
                    <div
                      class="tableCell"
                      role="cell"
                      style="box-sizing:border-box;flex:112.5 0 auto;min-width:0px;width:112.5px"
                    >
                      <button>
                        <span
                          class="text brand span"
                        >
                          Muokkaa
                        </span>
                      </button>
                    </div>
                  </div>
                </div>
              </div>
            </div>
          </div>
        </div>
      </div>
       
    </div>
    <div
      class="card fullWidth"
    >
      <div
        class="cardHeader"
      >
        <span
          class="title"
        >
          Talvisäilytyspaikka
        </span>
      </div>
      <div
        class="cardBody"
      >
        <article
          class="section"
        >
          <section
            class="body"
          >
            Hinta €/m2 sisältäen palvelut. Hinnat sisältävät alv 24 %.
          </section>
        </article>
        <div>
          <div
            class="tableWrapper"
          >
            <div
              class="table basic noMainHeader"
              role="table"
              style="min-width:712.5px"
            >
              <div
                class="stickyHeaders"
              >
                <div
                  class="header"
                  role="row"
                  style="display:flex;flex:1 0 auto;min-width:0px"
                >
                  <div
                    class="headerCell"
                    colspan="1"
                    role="columnheader"
                    style="box-sizing:border-box;flex:150 0 auto;min-width:0px;width:150px;cursor:pointer"
                    title="Toggle SortBy"
                  >
                    Alue
                    <div
                      class="sortArrowWrapper"
                    >
                      <svg
                        class="Icon-module_icon__1Jtzj icon_hds-icon__1YqNC Icon-module_m__3edUY icon_hds-icon--size-m__1mcHv sortArrow sortArrowDown"
                        viewBox="0 0 24 24"
                        xmlns="http://www.w3.org/2000/svg"
                      >
                        <g
                          fill="none"
                          fill-rule="evenodd"
                        >
                          <path
                            d="M0 0h24v24H0z"
                          />
                          <path
                            d="M10 5.636l1.414 1.414L7.465 11H20v2H7.464l3.95 3.95L10 18.364 3.636 12z"
                            fill="currentColor"
                          />
                        </g>
                      </svg>
                    </div>
                  </div>
                  <div
                    class="headerCell"
                    colspan="1"
                    role="columnheader"
                    style="box-sizing:border-box;flex:150 0 auto;min-width:0px;width:150px;cursor:pointer"
                    title="Toggle SortBy"
                  >
                    Yksityinen
                    <div
                      class="sortArrowWrapper"
                    >
                      <svg
                        class="Icon-module_icon__1Jtzj icon_hds-icon__1YqNC Icon-module_m__3edUY icon_hds-icon--size-m__1mcHv sortArrow sortArrowDown"
                        viewBox="0 0 24 24"
                        xmlns="http://www.w3.org/2000/svg"
                      >
                        <g
                          fill="none"
                          fill-rule="evenodd"
                        >
                          <path
                            d="M0 0h24v24H0z"
                          />
                          <path
                            d="M10 5.636l1.414 1.414L7.465 11H20v2H7.464l3.95 3.95L10 18.364 3.636 12z"
                            fill="currentColor"
                          />
                        </g>
                      </svg>
                    </div>
                  </div>
                  <div
                    class="headerCell"
                    colspan="1"
                    role="columnheader"
                    style="box-sizing:border-box;flex:150 0 auto;min-width:0px;width:150px;cursor:pointer"
                    title="Toggle SortBy"
                  >
                    Yritys
                    <div
                      class="sortArrowWrapper"
                    >
                      <svg
                        class="Icon-module_icon__1Jtzj icon_hds-icon__1YqNC Icon-module_m__3edUY icon_hds-icon--size-m__1mcHv sortArrow sortArrowDown"
                        viewBox="0 0 24 24"
                        xmlns="http://www.w3.org/2000/svg"
                      >
                        <g
                          fill="none"
                          fill-rule="evenodd"
                        >
                          <path
                            d="M0 0h24v24H0z"
                          />
                          <path
                            d="M10 5.636l1.414 1.414L7.465 11H20v2H7.464l3.95 3.95L10 18.364 3.636 12z"
                            fill="currentColor"
                          />
                        </g>
                      </svg>
                    </div>
                  </div>
                  <div
                    class="headerCell"
                    colspan="1"
                    role="columnheader"
                    style="box-sizing:border-box;flex:150 0 auto;min-width:0px;width:150px;cursor:pointer"
                    title="Toggle SortBy"
                  >
                    Aika
                    <div
                      class="sortArrowWrapper"
                    >
                      <svg
                        class="Icon-module_icon__1Jtzj icon_hds-icon__1YqNC Icon-module_m__3edUY icon_hds-icon--size-m__1mcHv sortArrow sortArrowDown"
                        viewBox="0 0 24 24"
                        xmlns="http://www.w3.org/2000/svg"
                      >
                        <g
                          fill="none"
                          fill-rule="evenodd"
                        >
                          <path
                            d="M0 0h24v24H0z"
                          />
                          <path
                            d="M10 5.636l1.414 1.414L7.465 11H20v2H7.464l3.95 3.95L10 18.364 3.636 12z"
                            fill="currentColor"
                          />
                        </g>
                      </svg>
                    </div>
                  </div>
                  <div
                    class="headerCell"
                    colspan="1"
                    role="columnheader"
                    style="box-sizing:border-box;flex:112.5 0 auto;min-width:0px;width:112.5px"
                  >
                    Muokkaa
                  </div>
                </div>
              </div>
              <div
                role="rowgroup"
              >
                <div
                  class="rowWrapper"
                >
                  <div
                    role="row"
                    style="display:flex;flex:1 0 auto;min-width:0px"
                  >
                    <div
                      class="tableCell"
                      role="cell"
                      style="box-sizing:border-box;flex:150 0 auto;min-width:0px;width:150px"
                    >
                      Corporate Developer Mobility
                    </div>
                    <div
                      class="tableCell"
                      role="cell"
                      style="box-sizing:border-box;flex:150 0 auto;min-width:0px;width:150px"
                    >
                      10,20 €
                    </div>
                    <div
                      class="tableCell"
                      role="cell"
                      style="box-sizing:border-box;flex:150 0 auto;min-width:0px;width:150px"
                    >
                      20,40 €
                    </div>
                    <div
                      class="tableCell"
                      role="cell"
                      style="box-sizing:border-box;flex:150 0 auto;min-width:0px;width:150px"
                    >
                      Kausi
                    </div>
                    <div
                      class="tableCell"
                      role="cell"
                      style="box-sizing:border-box;flex:112.5 0 auto;min-width:0px;width:112.5px"
                    >
                      <button>
                        <span
                          class="text brand span"
                        >
                          Muokkaa
                        </span>
                      </button>
                    </div>
                  </div>
                </div>
              </div>
            </div>
          </div>
        </div>
      </div>
       
    </div>
    <div
      class="card"
    >
      <div
        class="cardHeader"
      >
        <span
          class="title"
        >
          Satamapalvelut
        </span>
      </div>
      <div
        class="cardBody"
      >
        <article
          class="section"
        >
          <section
            class="body"
          >
            Lisähinnat venepaikoille. Hinnat sisältävät alv 24 %.
          </section>
        </article>
        <div>
          <div
            class="tableWrapper"
          >
            <div
              class="table basic noMainHeader"
              role="table"
              style="min-width:525px"
            >
              <div
                class="stickyHeaders"
              >
                <div
                  class="header"
                  role="row"
                  style="display:flex;flex:1 0 auto;min-width:0px"
                >
                  <div
                    class="headerCell"
                    colspan="1"
                    role="columnheader"
                    style="box-sizing:border-box;flex:225 0 auto;min-width:0px;width:225px;cursor:pointer"
                    title="Toggle SortBy"
                  >
                    Palvelu
                    <div
                      class="sortArrowWrapper"
                    >
                      <svg
                        class="Icon-module_icon__1Jtzj icon_hds-icon__1YqNC Icon-module_m__3edUY icon_hds-icon--size-m__1mcHv sortArrow sortArrowDown"
                        viewBox="0 0 24 24"
                        xmlns="http://www.w3.org/2000/svg"
                      >
                        <g
                          fill="none"
                          fill-rule="evenodd"
                        >
                          <path
                            d="M0 0h24v24H0z"
                          />
                          <path
                            d="M10 5.636l1.414 1.414L7.465 11H20v2H7.464l3.95 3.95L10 18.364 3.636 12z"
                            fill="currentColor"
                          />
                        </g>
                      </svg>
                    </div>
                  </div>
                  <div
                    class="headerCell"
                    colspan="1"
                    role="columnheader"
                    style="box-sizing:border-box;flex:75 0 auto;min-width:0px;width:75px;cursor:pointer"
                    title="Toggle SortBy"
                  >
                    Hinta
                    <div
                      class="sortArrowWrapper"
                    >
                      <svg
                        class="Icon-module_icon__1Jtzj icon_hds-icon__1YqNC Icon-module_m__3edUY icon_hds-icon--size-m__1mcHv sortArrow sortArrowDown"
                        viewBox="0 0 24 24"
                        xmlns="http://www.w3.org/2000/svg"
                      >
                        <g
                          fill="none"
                          fill-rule="evenodd"
                        >
                          <path
                            d="M0 0h24v24H0z"
                          />
                          <path
                            d="M10 5.636l1.414 1.414L7.465 11H20v2H7.464l3.95 3.95L10 18.364 3.636 12z"
                            fill="currentColor"
                          />
                        </g>
                      </svg>
                    </div>
                  </div>
                  <div
                    class="headerCell"
                    colspan="1"
                    role="columnheader"
                    style="box-sizing:border-box;flex:112.5 0 auto;min-width:0px;width:112.5px;cursor:pointer"
                    title="Toggle SortBy"
                  >
                    Aika
                    <div
                      class="sortArrowWrapper"
                    >
                      <svg
                        class="Icon-module_icon__1Jtzj icon_hds-icon__1YqNC Icon-module_m__3edUY icon_hds-icon--size-m__1mcHv sortArrow sortArrowDown"
                        viewBox="0 0 24 24"
                        xmlns="http://www.w3.org/2000/svg"
                      >
                        <g
                          fill="none"
                          fill-rule="evenodd"
                        >
                          <path
                            d="M0 0h24v24H0z"
                          />
                          <path
                            d="M10 5.636l1.414 1.414L7.465 11H20v2H7.464l3.95 3.95L10 18.364 3.636 12z"
                            fill="currentColor"
                          />
                        </g>
                      </svg>
                    </div>
                  </div>
                  <div
                    class="headerCell"
                    colspan="1"
                    role="columnheader"
                    style="box-sizing:border-box;flex:112.5 0 auto;min-width:0px;width:112.5px"
                  >
                    Muokkaa
                  </div>
                </div>
              </div>
              <div
                role="rowgroup"
              >
                <div
                  class="rowWrapper"
                >
                  <div
                    role="row"
                    style="display:flex;flex:1 0 auto;min-width:0px"
                  >
                    <div
                      class="tableCell"
                      role="cell"
                      style="box-sizing:border-box;flex:225 0 auto;min-width:0px;width:225px"
                    >
                      Jollapaikka
                    </div>
                    <div
                      class="tableCell"
                      role="cell"
                      style="box-sizing:border-box;flex:75 0 auto;min-width:0px;width:75px"
                    >
                      10,00 €
                    </div>
                    <div
                      class="tableCell"
                      role="cell"
                      style="box-sizing:border-box;flex:112.5 0 auto;min-width:0px;width:112.5px"
                    >
                      Kausi
                    </div>
                    <div
                      class="tableCell"
                      role="cell"
                      style="box-sizing:border-box;flex:112.5 0 auto;min-width:0px;width:112.5px"
                    >
                      <button>
                        <span
                          class="text brand span"
                        >
                          Muokkaa
                        </span>
                      </button>
                    </div>
                  </div>
                </div>
              </div>
            </div>
          </div>
        </div>
      </div>
       
    </div>
    <div
      class="card"
    >
      <div
        class="cardHeader"
      >
        <span
          class="title"
        >
          Lisäpalvelut
        </span>
      </div>
      <div
        class="cardBody"
      >
        <div>
          <div
            class="tableWrapper"
          >
            <div
              class="table basic noMainHeader"
              role="table"
              style="min-width:600px"
            >
              <div
                class="stickyHeaders"
              >
                <div
                  class="header"
                  role="row"
                  style="display:flex;flex:1 0 auto;min-width:0px"
                >
                  <div
                    class="headerCell"
                    colspan="1"
                    role="columnheader"
                    style="box-sizing:border-box;flex:225 0 auto;min-width:0px;width:225px;cursor:pointer"
                    title="Toggle SortBy"
                  >
                    Palvelu
                    <div
                      class="sortArrowWrapper"
                    >
                      <svg
                        class="Icon-module_icon__1Jtzj icon_hds-icon__1YqNC Icon-module_m__3edUY icon_hds-icon--size-m__1mcHv sortArrow sortArrowDown"
                        viewBox="0 0 24 24"
                        xmlns="http://www.w3.org/2000/svg"
                      >
                        <g
                          fill="none"
                          fill-rule="evenodd"
                        >
                          <path
                            d="M0 0h24v24H0z"
                          />
                          <path
                            d="M10 5.636l1.414 1.414L7.465 11H20v2H7.464l3.95 3.95L10 18.364 3.636 12z"
                            fill="currentColor"
                          />
                        </g>
                      </svg>
                    </div>
                  </div>
                  <div
                    class="headerCell"
                    colspan="1"
                    role="columnheader"
                    style="box-sizing:border-box;flex:75 0 auto;min-width:0px;width:75px;cursor:pointer"
                    title="Toggle SortBy"
                  >
                    Hinta
                    <div
                      class="sortArrowWrapper"
                    >
                      <svg
                        class="Icon-module_icon__1Jtzj icon_hds-icon__1YqNC Icon-module_m__3edUY icon_hds-icon--size-m__1mcHv sortArrow sortArrowDown"
                        viewBox="0 0 24 24"
                        xmlns="http://www.w3.org/2000/svg"
                      >
                        <g
                          fill="none"
                          fill-rule="evenodd"
                        >
                          <path
                            d="M0 0h24v24H0z"
                          />
                          <path
                            d="M10 5.636l1.414 1.414L7.465 11H20v2H7.464l3.95 3.95L10 18.364 3.636 12z"
                            fill="currentColor"
                          />
                        </g>
                      </svg>
                    </div>
                  </div>
                  <div
                    class="headerCell"
                    colspan="1"
                    role="columnheader"
                    style="box-sizing:border-box;flex:75 0 auto;min-width:0px;width:75px;cursor:pointer"
                    title="Toggle SortBy"
                  >
                    ALV
                    <div
                      class="sortArrowWrapper"
                    >
                      <svg
                        class="Icon-module_icon__1Jtzj icon_hds-icon__1YqNC Icon-module_m__3edUY icon_hds-icon--size-m__1mcHv sortArrow sortArrowDown"
                        viewBox="0 0 24 24"
                        xmlns="http://www.w3.org/2000/svg"
                      >
                        <g
                          fill="none"
                          fill-rule="evenodd"
                        >
                          <path
                            d="M0 0h24v24H0z"
                          />
                          <path
                            d="M10 5.636l1.414 1.414L7.465 11H20v2H7.464l3.95 3.95L10 18.364 3.636 12z"
                            fill="currentColor"
                          />
                        </g>
                      </svg>
                    </div>
                  </div>
                  <div
                    class="headerCell"
                    colspan="1"
                    role="columnheader"
                    style="box-sizing:border-box;flex:112.5 0 auto;min-width:0px;width:112.5px;cursor:pointer"
                    title="Toggle SortBy"
                  >
                    Aika
                    <div
                      class="sortArrowWrapper"
                    >
                      <svg
                        class="Icon-module_icon__1Jtzj icon_hds-icon__1YqNC Icon-module_m__3edUY icon_hds-icon--size-m__1mcHv sortArrow sortArrowDown"
                        viewBox="0 0 24 24"
                        xmlns="http://www.w3.org/2000/svg"
                      >
                        <g
                          fill="none"
                          fill-rule="evenodd"
                        >
                          <path
                            d="M0 0h24v24H0z"
                          />
                          <path
                            d="M10 5.636l1.414 1.414L7.465 11H20v2H7.464l3.95 3.95L10 18.364 3.636 12z"
                            fill="currentColor"
                          />
                        </g>
                      </svg>
                    </div>
                  </div>
                  <div
                    class="headerCell"
                    colspan="1"
                    role="columnheader"
                    style="box-sizing:border-box;flex:112.5 0 auto;min-width:0px;width:112.5px"
                  >
                    Muokkaa
                  </div>
                </div>
              </div>
              <div
                role="rowgroup"
              >
                <div
                  class="rowWrapper"
                >
                  <div
                    role="row"
                    style="display:flex;flex:1 0 auto;min-width:0px"
                  >
                    <div
                      class="tableCell"
                      role="cell"
                      style="box-sizing:border-box;flex:225 0 auto;min-width:0px;width:225px"
                    >
                      Jollapaikka
                    </div>
                    <div
                      class="tableCell"
                      role="cell"
                      style="box-sizing:border-box;flex:75 0 auto;min-width:0px;width:75px"
                    >
                      10,00 €
                    </div>
                    <div
                      class="tableCell"
                      role="cell"
                      style="box-sizing:border-box;flex:75 0 auto;min-width:0px;width:75px"
                    >
                      24 %
                    </div>
                    <div
                      class="tableCell"
                      role="cell"
                      style="box-sizing:border-box;flex:112.5 0 auto;min-width:0px;width:112.5px"
                    >
                      Kausi
                    </div>
                    <div
                      class="tableCell"
                      role="cell"
                      style="box-sizing:border-box;flex:112.5 0 auto;min-width:0px;width:112.5px"
                    >
                      <button>
                        <span
                          class="text brand span"
                        >
                          Muokkaa
                        </span>
                      </button>
                    </div>
                  </div>
                </div>
              </div>
            </div>
          </div>
        </div>
      </div>
       
    </div>
  </div>
</div>
`;
