// Jest Snapshot v1, https://goo.gl/fbAQLP

exports[`IndividualHarborTableTools renders normally 1`] = `"<div class=\\"container\\"><div class=\\"buttons\\"><button type=\\"button\\" class=\\"_3wgeeaHxiHujNcKzeML5j4 _3aSBFzRPhZcNdul13_gERo _3Epn-oMAAIeEFU9fA8zgCr button\\"><span class=\\"_2zMLCVF6mmvV2UqfaBF5K\\">Lisää laituri</span></button><button type=\\"button\\" class=\\"_3wgeeaHxiHujNcKzeML5j4 _3aSBFzRPhZcNdul13_gERo _3Epn-oMAAIeEFU9fA8zgCr button\\"><span class=\\"_2zMLCVF6mmvV2UqfaBF5K\\">Lisää venepaikka</span></button></div><div class=\\"globalSearchTableTools\\"><div class=\\"_1cealf9APZDUwwgivaltwb filterField\\"><div class=\\"_1ru3hdCZ3qhTQ_EVvRwBIh\\"><input type=\\"text\\" class=\\"_35GDyiOFLPVMWYFM4_BMWV CQwbnf7hlQrao8Za4G1Wo\\" id=\\"textSearchGlobalFilter\\" placeholder=\\"Haku\\"/></div></div></div></div>"`;
